Component: ARM Compiler 5.06 update 5 (build 528) Tool: armlink [4d35e2]

==============================================================================

Section Cross References

    main.o(i.main) refers to appinit.o(i.AppInit) for AppInit
    main.o(i.main) refers to driver.o(i.All_Init) for All_Init
    main.o(i.main) refers to parameters.o(i.ParametersSave) for ParametersSave
    main.o(i.main) refers to timer.o(i.Delay_ms) for Delay_ms
    main.o(i.main) refers to parameters.o(.data) for ParaSavingFlag
    startup_stm32f427_437xx.o(RESET) refers to startup_stm32f427_437xx.o(STACK) for __initial_sp
    startup_stm32f427_437xx.o(RESET) refers to startup_stm32f427_437xx.o(.text) for Reset_Handler
    startup_stm32f427_437xx.o(RESET) refers to stm32f4xx_it.o(i.NMI_Handler) for NMI_Handler
    startup_stm32f427_437xx.o(RESET) refers to stm32f4xx_it.o(i.HardFault_Handler) for HardFault_Handler
    startup_stm32f427_437xx.o(RESET) refers to stm32f4xx_it.o(i.MemManage_Handler) for MemManage_Handler
    startup_stm32f427_437xx.o(RESET) refers to stm32f4xx_it.o(i.BusFault_Handler) for BusFault_Handler
    startup_stm32f427_437xx.o(RESET) refers to stm32f4xx_it.o(i.UsageFault_Handler) for UsageFault_Handler
    startup_stm32f427_437xx.o(RESET) refers to stm32f4xx_it.o(i.SVC_Handler) for SVC_Handler
    startup_stm32f427_437xx.o(RESET) refers to stm32f4xx_it.o(i.DebugMon_Handler) for DebugMon_Handler
    startup_stm32f427_437xx.o(RESET) refers to stm32f4xx_it.o(i.PendSV_Handler) for PendSV_Handler
    startup_stm32f427_437xx.o(RESET) refers to can.o(i.CAN1_TX_IRQHandler) for CAN1_TX_IRQHandler
    startup_stm32f427_437xx.o(RESET) refers to can.o(i.CAN1_RX0_IRQHandler) for CAN1_RX0_IRQHandler
    startup_stm32f427_437xx.o(RESET) refers to rc.o(i.USART1_IRQHandler) for USART1_IRQHandler
    startup_stm32f427_437xx.o(RESET) refers to usart2.o(i.USART2_IRQHandler) for USART2_IRQHandler
    startup_stm32f427_437xx.o(RESET) refers to usart3.o(i.USART3_IRQHandler) for USART3_IRQHandler
    startup_stm32f427_437xx.o(RESET) refers to timer.o(i.TIM5_IRQHandler) for TIM5_IRQHandler
    startup_stm32f427_437xx.o(RESET) refers to timer.o(i.TIM6_DAC_IRQHandler) for TIM6_DAC_IRQHandler
    startup_stm32f427_437xx.o(RESET) refers to can.o(i.CAN2_TX_IRQHandler) for CAN2_TX_IRQHandler
    startup_stm32f427_437xx.o(RESET) refers to can.o(i.CAN2_RX0_IRQHandler) for CAN2_RX0_IRQHandler
    startup_stm32f427_437xx.o(RESET) refers to usart6.o(i.USART6_IRQHandler) for USART6_IRQHandler
    startup_stm32f427_437xx.o(.text) refers to system_stm32f4xx.o(i.SystemInit) for SystemInit
    startup_stm32f427_437xx.o(.text) refers to entry.o(.ARM.Collect$$$$00000000) for __main
    bsp_flash.o(i.BSP_FLASH_Read) refers to bsp_flash.o(i.BSP_FLASH_ReadByte) for BSP_FLASH_ReadByte
    bsp_flash.o(i.BSP_FLASH_Write) refers to stm32f4xx_flash.o(i.FLASH_Unlock) for FLASH_Unlock
    bsp_flash.o(i.BSP_FLASH_Write) refers to stm32f4xx_flash.o(i.FLASH_DataCacheCmd) for FLASH_DataCacheCmd
    bsp_flash.o(i.BSP_FLASH_Write) refers to bsp_flash.o(i.BSP_FLASH_GetFlashSector) for BSP_FLASH_GetFlashSector
    bsp_flash.o(i.BSP_FLASH_Write) refers to stm32f4xx_flash.o(i.FLASH_EraseSector) for FLASH_EraseSector
    bsp_flash.o(i.BSP_FLASH_Write) refers to stm32f4xx_flash.o(i.FLASH_ProgramByte) for FLASH_ProgramByte
    bsp_flash.o(i.BSP_FLASH_Write) refers to stm32f4xx_flash.o(i.FLASH_Lock) for FLASH_Lock
    can.o(i.CAN1_RX0_IRQHandler) refers to stm32f4xx_can.o(i.CAN_GetITStatus) for CAN_GetITStatus
    can.o(i.CAN1_RX0_IRQHandler) refers to stm32f4xx_can.o(i.CAN_ClearITPendingBit) for CAN_ClearITPendingBit
    can.o(i.CAN1_RX0_IRQHandler) refers to stm32f4xx_can.o(i.CAN_ClearFlag) for CAN_ClearFlag
    can.o(i.CAN1_RX0_IRQHandler) refers to stm32f4xx_can.o(i.CAN_Receive) for CAN_Receive
    can.o(i.CAN1_RX0_IRQHandler) refers to protocol.o(i.CanProtocolAnalysis) for CanProtocolAnalysis
    can.o(i.CAN1_TX_IRQHandler) refers to stm32f4xx_can.o(i.CAN_GetITStatus) for CAN_GetITStatus
    can.o(i.CAN1_TX_IRQHandler) refers to stm32f4xx_can.o(i.CAN_ClearITPendingBit) for CAN_ClearITPendingBit
    can.o(i.CAN2_RX0_IRQHandler) refers to stm32f4xx_can.o(i.CAN_GetITStatus) for CAN_GetITStatus
    can.o(i.CAN2_RX0_IRQHandler) refers to stm32f4xx_can.o(i.CAN_ClearITPendingBit) for CAN_ClearITPendingBit
    can.o(i.CAN2_RX0_IRQHandler) refers to stm32f4xx_can.o(i.CAN_Receive) for CAN_Receive
    can.o(i.CAN2_RX0_IRQHandler) refers to protocol.o(i.CanProtocolAnalysis) for CanProtocolAnalysis
    can.o(i.CAN2_TX_IRQHandler) refers to stm32f4xx_can.o(i.CAN_GetITStatus) for CAN_GetITStatus
    can.o(i.CAN2_TX_IRQHandler) refers to stm32f4xx_can.o(i.CAN_ClearITPendingBit) for CAN_ClearITPendingBit
    can.o(i.Can1_Init) refers to stm32f4xx_rcc.o(i.RCC_AHB1PeriphClockCmd) for RCC_AHB1PeriphClockCmd
    can.o(i.Can1_Init) refers to stm32f4xx_rcc.o(i.RCC_APB1PeriphClockCmd) for RCC_APB1PeriphClockCmd
[...]
    i.USART3_IRQHandler                      0x08004c8c   Section        0  usart3.o(i.USART3_IRQHandler)
    i.USART6_IRQHandler                      0x08004ccc   Section        0  usart6.o(i.USART6_IRQHandler)
    i.USART_ClearITPendingBit                0x08004d0c   Section        0  stm32f4xx_usart.o(i.USART_ClearITPendingBit)
    i.USART_ClockInit                        0x08004d2a   Section        0  stm32f4xx_usart.o(i.USART_ClockInit)
    i.USART_Cmd                              0x08004d4a   Section        0  stm32f4xx_usart.o(i.USART_Cmd)
    i.USART_DMACmd                           0x08004d62   Section        0  stm32f4xx_usart.o(i.USART_DMACmd)
    i.USART_DeInit                           0x08004d74   Section        0  stm32f4xx_usart.o(i.USART_DeInit)
    i.USART_GetITStatus                      0x08004e28   Section        0  stm32f4xx_usart.o(i.USART_GetITStatus)
    i.USART_ITConfig                         0x08004e7c   Section        0  stm32f4xx_usart.o(i.USART_ITConfig)
    i.USART_Init                             0x08004ec8   Section        0  stm32f4xx_usart.o(i.USART_Init)
    i.USART_StructInit                       0x08004f9c   Section        0  stm32f4xx_usart.o(i.USART_StructInit)
    i.UsageFault_Handler                     0x08004fb4   Section        0  stm32f4xx_it.o(i.UsageFault_Handler)
    i.Usart1_Init                            0x08004fb8   Section        0  rc.o(i.Usart1_Init)
    i.Usart2_DataPrepare                     0x08005110   Section        0  datatransfer.o(i.Usart2_DataPrepare)
    i.Usart2_Init                            0x080051f8   Section        0  usart2.o(i.Usart2_Init)
    i.Usart2_Send                            0x08005354   Section        0  usart2.o(i.Usart2_Send)
    i.Usart3_DataPrepare                     0x08005420   Section        0  datatransfer.o(i.Usart3_DataPrepare)
    i.Usart3_Init                            0x08005508   Section        0  usart3.o(i.Usart3_Init)
    i.Usart6_DataPrepare                     0x0800550c   Section        0  datatransfer.o(i.Usart6_DataPrepare)
    i.Usart6_Init                            0x080055f4   Section        0  usart6.o(i.Usart6_Init)
    i.WorkStateFSM                           0x080055f8   Section        0  modeduty.o(i.WorkStateFSM)
    i.__0sprintf$6                           0x080056a0   Section        0  printf6.o(i.__0sprintf$6)
    i.__ARM_fpclassify                       0x080056c8   Section        0  fpclassify.o(i.__ARM_fpclassify)
    i.__ARM_fpclassifyf                      0x080056f8   Section        0  fpclassifyf.o(i.__ARM_fpclassifyf)
    i.__hardfp_asinf                         0x08005720   Section        0  asinf.o(i.__hardfp_asinf)
    i.__hardfp_atan                          0x08005850   Section        0  atan.o(i.__hardfp_atan)
    i.__hardfp_atan2                         0x08005b28   Section        0  atan2.o(i.__hardfp_atan2)
    i.__hardfp_atan2f                        0x08005d18   Section        0  atan2f.o(i.__hardfp_atan2f)
    i.__hardfp_cosf                          0x08005f68   Section        0  cosf.o(i.__hardfp_cosf)
    i.__hardfp_sinf                          0x080060b8   Section        0  sinf.o(i.__hardfp_sinf)
    i.__hardfp_sqrt                          0x08006248   Section        0  sqrt.o(i.__hardfp_sqrt)
    i.__kernel_poly                          0x080062c2   Section        0  poly.o(i.__kernel_poly)
    i.__mathlib_dbl_infnan                   0x080063ba   Section        0  dunder.o(i.__mathlib_dbl_infnan)
    i.__mathlib_dbl_infnan2                  0x080063ce   Section        0  dunder.o(i.__mathlib_dbl_infnan2)
    i.__mathlib_dbl_underflow                0x080063e8   Section        0  dunder.o(i.__mathlib_dbl_underflow)
    i.__mathlib_flt_infnan                   0x08006408   Section        0  funder.o(i.__mathlib_flt_infnan)
    i.__mathlib_flt_infnan2                  0x0800640e   Section        0  funder.o(i.__mathlib_flt_infnan2)
    i.__mathlib_flt_invalid                  0x08006414   Section        0  funder.o(i.__mathlib_flt_invalid)
    i.__mathlib_flt_underflow                0x08006424   Section        0  funder.o(i.__mathlib_flt_underflow)
    i.__mathlib_rredf2                       0x08006434   Section        0  rredf.o(i.__mathlib_rredf2)
    i.__scatterload_copy                     0x08006588   Section       14  handlers.o(i.__scatterload_copy)
    i.__scatterload_null                     0x08006596   Section        2  handlers.o(i.__scatterload_null)
    i.__scatterload_zeroinit                 0x08006598   Section       14  handlers.o(i.__scatterload_zeroinit)
    i.__set_errno                            0x080065a8   Section        0  errno.o(i.__set_errno)
    i._printf_core                           0x080065b4   Section        0  printf6.o(i._printf_core)
    _printf_core                             0x080065b5   Thumb Code   748  printf6.o(i._printf_core)
    i._printf_post_padding                   0x080068a4   Section        0  printf6.o(i._printf_post_padding)
    _printf_post_padding                     0x080068a5   Thumb Code    36  printf6.o(i._printf_post_padding)
    i._printf_pre_padding                    0x080068c8   Section        0  printf6.o(i._printf_pre_padding)
    _printf_pre_padding                      0x080068c9   Thumb Code    46  printf6.o(i._printf_pre_padding)
    i._sputc                                 0x080068f6   Section        0  printf6.o(i._sputc)
    _sputc                                   0x080068f7   Thumb Code    10  printf6.o(i._sputc)
    i.atan                                   0x08006900   Section        0  atan.o(i.atan)
    i.fabs                                   0x08006910   Section        0  fabs.o(i.fabs)
    i.invSqrt                                0x08006928   Section        0  imu.o(i.invSqrt)
    i.main                                   0x08006994   Section        0  main.o(i.main)
    i.sqrtf                                  0x080069bc   Section        0  sqrtf.o(i.sqrtf)
    .constdata                               0x080069fa   Section       22  selfcheck.o(.constdata)
    .constdata                               0x08006a10   Section      152  atan.o(.constdata)
    atanhi                                   0x08006a10   Data          32  atan.o(.constdata)
    atanlo                                   0x08006a30   Data          32  atan.o(.constdata)
    aTodd                                    0x08006a50   Data          40  atan.o(.constdata)
    aTeven                                   0x08006a78   Data          48  atan.o(.constdata)
    .constdata                               0x08006aa8   Section        8  qnan.o(.constdata)
    .constdata                               0x08006ab0   Section       32  rredf.o(.constdata)
    twooverpi                                0x08006ab0   Data          32  rredf.o(.constdata)
    .data                                    0x20000000   Section        4  rc.o(.data)
    this_time_rx_len                         0x20000000   Data           4  rc.o(.data)
    .data                                    0x20000004   Section        5  usart2.o(.data)
    num                                      0x20000006   Data           2  usart2.o(.data)
    len                                      0x20000008   Data           1  usart2.o(.data)
    .data                                    0x2000000a   Section       18  mpu6500.o(.data)
    .data                                    0x2000001c   Section       34  ist8310.o(.data)
    ADDR_BASE_EXTER                          0x20000022   Data           1  ist8310.o(.data)
    MagMAX                                   0x20000023   Data          12  ist8310.o(.data)
    MagMIN                                   0x2000002f   Data          12  ist8310.o(.data)
    cnt_m                                    0x2000003c   Data           2  ist8310.o(.data)
    .data                                    0x2000003e   Section        8  protocol.o(.data)
    .data                                    0x20000046   Section        2  modeduty.o(.data)
    .data                                    0x20000048   Section        9  datatransfer.o(.data)
    _data_len                                0x20000048   Data           1  datatransfer.o(.data)
    _data_cnt                                0x20000049   Data           1  datatransfer.o(.data)
    state                                    0x2000004a   Data           1  datatransfer.o(.data)
    _data_len                                0x2000004b   Data           1  datatransfer.o(.data)
    _data_cnt                                0x2000004c   Data           1  datatransfer.o(.data)
    state                                    0x2000004d   Data           1  datatransfer.o(.data)
    _data_len                                0x2000004e   Data           1  datatransfer.o(.data)
    _data_cnt                                0x2000004f   Data           1  datatransfer.o(.data)
    state                                    0x20000050   Data           1  datatransfer.o(.data)
    .data                                    0x20000054   Section        4  dutytasks.o(.data)
    systime_ms                               0x20000054   Data           4  dutytasks.o(.data)
    .data                                    0x20000058   Section       26  selfcheck.o(.data)
    .data                                    0x20000074   Section       60  controltask.o(.data)
    .data                                    0x200000b0   Section      227  parameters.o(.data)
    .data                                    0x20000194   Section      145  imu.o(.data)
    pn                                       0x20000210   Data           1  imu.o(.data)
    h_tmp_x                                  0x20000214   Data           4  imu.o(.data)
    h_tmp_y                                  0x20000218   Data           4  imu.o(.data)
    yaw_correct                              0x2000021c   Data           4  imu.o(.data)
    yaw_mag                                  0x20000220   Data           4  imu.o(.data)
    StartFlag                                0x20000224   Data           1  imu.o(.data)
    .data                                    0x20000225   Section       16  stm32f4xx_rcc.o(.data)
    APBAHBPrescTable                         0x20000225   Data          16  stm32f4xx_rcc.o(.data)
    .data                                    0x20000238   Section        4  errno.o(.data)
    _errno                                   0x20000238   Data           4  errno.o(.data)
    .bss                                     0x2000023c   Section       60  rc.o(.bss)
    .bss                                     0x20000278   Section      160  timer.o(.bss)
    Time                                     0x20000278   Data         160  timer.o(.bss)
    .bss                                     0x20000318   Section      768  usart2.o(.bss)
    .bss                                     0x20000618   Section      282  mpu6500.o(.bss)
    .bss                                     0x20000732   Section       24  ist8310.o(.bss)
    .bss                                     0x2000074c   Section      430  protocol.o(.bss)
    .bss                                     0x200008fa   Section      200  datatransfer.o(.bss)
    RxBuffer                                 0x2000092c   Data          50  datatransfer.o(.bss)
    RxBuffer                                 0x2000095e   Data          50  datatransfer.o(.bss)
    RxBuffer                                 0x20000990   Data          50  datatransfer.o(.bss)
    .bss                                     0x200009c4   Section      700  parameters.o(.bss)
    .bss                                     0x20000c80   Section      144  imu.o(.bss)
    mag_tmp                                  0x20000d04   Data          12  imu.o(.bss)
    STACK                                    0x20000d10   Section     1024  startup_stm32f427_437xx.o(STACK)

    Global Symbols

    Symbol Name                              Value     Ov Type        Size  Object(Section)

    BuildAttributes$$THM_ISAv4$E$P$D$K$B$S$7EM$VFPi3$EXTD16$VFPS$VFMA$PE$A:L22UL41UL21$X:L11$S22US41US21$IEEE1$IW$USESV6$~STKCKD$USESV7$~SHL$OTIME$ROPI$IEEEX$EBA8$MICROLIB$REQ8$PRES8$EABIv2 0x00000000   Number         0  anon$$obj.o ABSOLUTE
    __ARM_use_no_argv                        0x00000000   Number         0  main.o ABSOLUTE
    _printf_a                                0x00000000   Number         0  stubs.o ABSOLUTE
    _printf_c                                0x00000000   Number         0  stubs.o ABSOLUTE
    _printf_charcount                        0x00000000   Number         0  stubs.o ABSOLUTE
    _printf_d                                0x00000000   Number         0  stubs.o ABSOLUTE
    _printf_e                                0x00000000   Number         0  stubs.o ABSOLUTE
    _printf_f                                0x00000000   Number         0  stubs.o ABSOLUTE
    _printf_flags                            0x00000000   Number         0  stubs.o ABSOLUTE
    _printf_fp_dec                           0x00000000   Number         0  stubs.o ABSOLUTE
    _printf_fp_hex                           0x00000000   Number         0  stubs.o ABSOLUTE
    _printf_g                                0x00000000   Number         0  stubs.o ABSOLUTE
    _printf_i                                0x00000000   Number         0  stubs.o ABSOLUTE
    _printf_int_dec                          0x00000000   Number         0  stubs.o ABSOLUTE
    _printf_l                                0x00000000   Number         0  stubs.o ABSOLUTE
    _printf_lc                               0x00000000   Number         0  stubs.o ABSOLUTE
    _printf_ll                               0x00000000   Number         0  stubs.o ABSOLUTE
    _printf_lld                              0x00000000   Number         0  stubs.o ABSOLUTE
    _printf_lli                              0x00000000   Number         0  stubs.o ABSOLUTE
    _printf_llo                              0x00000000   Number         0  stubs.o ABSOLUTE
    _printf_llu                              0x00000000   Number         0  stubs.o ABSOLUTE
    _printf_llx                              0x00000000   Number         0  stubs.o ABSOLUTE
    _printf_longlong_dec                     0x00000000   Number         0  stubs.o ABSOLUTE
    _printf_longlong_hex                     0x00000000   Number         0  stubs.o ABSOLUTE
    _printf_longlong_oct                     0x00000000   Number         0  stubs.o ABSOLUTE
    _printf_ls                               0x00000000   Number         0  stubs.o ABSOLUTE
    _printf_mbtowc                           0x00000000   Number         0  stubs.o ABSOLUTE
    _printf_n                                0x00000000   Number         0  stubs.o ABSOLUTE
    _printf_o                                0x00000000   Number         0  stubs.o ABSOLUTE
    _printf_p                                0x00000000   Number         0  stubs.o ABSOLUTE
    _printf_percent                          0x00000000   Number         0  stubs.o ABSOLUTE
    _printf_pre_padding                      0x00000000   Number         0  stubs.o ABSOLUTE
    _printf_return_value                     0x00000000   Number         0  stubs.o ABSOLUTE
    _printf_s                                0x00000000   Number         0  stubs.o ABSOLUTE
    _printf_sizespec                         0x00000000   Number         0  stubs.o ABSOLUTE
    _printf_str                              0x00000000   Number         0  stubs.o ABSOLUTE
    _printf_truncate_signed                  0x00000000   Number         0  stubs.o ABSOLUTE
    _printf_truncate_unsigned                0x00000000   Number         0  stubs.o ABSOLUTE
    _printf_u                                0x00000000   Number         0  stubs.o ABSOLUTE
    _printf_wc                               0x00000000   Number         0  stubs.o ABSOLUTE
    _printf_wctomb                           0x00000000   Number         0  stubs.o ABSOLUTE
    _printf_widthprec                        0x00000000   Number         0  stubs.o ABSOLUTE
    _printf_x                                0x00000000   Number         0  stubs.o ABSOLUTE
    __cpp_initialize__aeabi_                  - Undefined Weak Reference
    __cxa_finalize                            - Undefined Weak Reference
    _clock_init                               - Undefined Weak Reference
    _microlib_exit                            - Undefined Weak Reference
    __Vectors_Size                           0x000001ac   Number         0  startup_stm32f427_437xx.o ABSOLUTE
    __Vectors                                0x08000000   Data           4  startup_stm32f427_437xx.o(RESET)
    __Vectors_End                            0x080001ac   Data           0  startup_stm32f427_437xx.o(RESET)
    __main                                   0x080001ad   Thumb Code     0  entry.o(.ARM.Collect$$$$00000000)
    _main_stk                                0x080001ad   Thumb Code     0  entry2.o(.ARM.Collect$$$$00000001)
    _main_scatterload                        0x080001b1   Thumb Code     0  entry5.o(.ARM.Collect$$$$00000004)
    __main_after_scatterload                 0x080001b5   Thumb Code     0  entry5.o(.ARM.Collect$$$$00000004)
    _main_clock                              0x080001b5   Thumb Code     0  entry7b.o(.ARM.Collect$$$$00000008)
    _main_cpp_init                           0x080001b5   Thumb Code     0  entry8b.o(.ARM.Collect$$$$0000000A)
    _main_init                               0x080001b5   Thumb Code     0  entry9a.o(.ARM.Collect$$$$0000000B)
    __rt_final_cpp                           0x080001bd   Thumb Code     0  entry10a.o(.ARM.Collect$$$$0000000D)
    __rt_final_exit                          0x080001bd   Thumb Code     0  entry11a.o(.ARM.Collect$$$$0000000F)
    Reset_Handler                            0x080001c1   Thumb Code     8  startup_stm32f427_437xx.o(.text)
    SysTick_Handler                          0x080001d9   Thumb Code     2  startup_stm32f427_437xx.o(.text)
    ADC_IRQHandler                           0x080001db   Thumb Code     0  startup_stm32f427_437xx.o(.text)
    CAN1_RX1_IRQHandler                      0x080001db   Thumb Code     0  startup_stm32f427_437xx.o(.text)
    CAN1_SCE_IRQHandler                      0x080001db   Thumb Code     0  startup_stm32f427_437xx.o(.text)
    CAN2_RX1_IRQHandler                      0x080001db   Thumb Code     0  startup_stm32f427_437xx.o(.text)
    CAN2_SCE_IRQHandler                      0x080001db   Thumb Code     0  startup_stm32f427_437xx.o(.text)
    CRYP_IRQHandler                          0x080001db   Thumb Code     0  startup_stm32f427_437xx.o(.text)
    DCMI_IRQHandler                          0x080001db   Thumb Code     0  startup_stm32f427_437xx.o(.text)
    DMA1_Stream0_IRQHandler                  0x080001db   Thumb Code     0  startup_stm32f427_437xx.o(.text)
    DMA1_Stream1_IRQHandler                  0x080001db   Thumb Code     0  startup_stm32f427_437xx.o(.text)
    DMA1_Stream2_IRQHandler                  0x080001db   Thumb Code     0  startup_stm32f427_437xx.o(.text)
    DMA1_Stream3_IRQHandler                  0x080001db   Thumb Code     0  startup_stm32f427_437xx.o(.text)
    DMA1_Stream4_IRQHandler                  0x080001db   Thumb Code     0  startup_stm32f427_437xx.o(.text)
    DMA1_Stream5_IRQHandler                  0x080001db   Thumb Code     0  startup_stm32f427_437xx.o(.text)
    DMA1_Stream6_IRQHandler                  0x080001db   Thumb Code     0  startup_stm32f427_437xx.o(.text)
    DMA1_Stream7_IRQHandler                  0x080001db   Thumb Code     0  startup_stm32f427_437xx.o(.text)
    DMA2D_IRQHandler                         0x080001db   Thumb Code     0  startup_stm32f427_437xx.o(.text)
    DMA2_Stream0_IRQHandler                  0x080001db   Thumb Code     0  startup_stm32f427_437xx.o(.text)
    DMA2_Stream1_IRQHandler                  0x080001db   Thumb Code     0  startup_stm32f427_437xx.o(.text)
    DMA2_Stream2_IRQHandler                  0x080001db   Thumb Code     0  startup_stm32f427_437xx.o(.text)
    DMA2_Stream3_IRQHandler                  0x080001db   Thumb Code     0  startup_stm32f427_437xx.o(.text)
    DMA2_Stream4_IRQHandler                  0x080001db   Thumb Code     0  startup_stm32f427_437xx.o(.text)
    DMA2_Stream5_IRQHandler                  0x080001db   Thumb Code     0  startup_stm32f427_437xx.o(.text)
    DMA2_Stream6_IRQHandler                  0x080001db   Thumb Code     0  startup_stm32f427_437xx.o(.text)
    DMA2_Stream7_IRQHandler                  0x080001db   Thumb Code     0  startup_stm32f427_437xx.o(.text)
    ETH_IRQHandler                           0x080001db   Thumb Code     0  startup_stm32f427_437xx.o(.text)
    ETH_WKUP_IRQHandler                      0x080001db   Thumb Code     0  startup_stm32f427_437xx.o(.text)
    EXTI0_IRQHandler                         0x080001db   Thumb Code     0  startup_stm32f427_437xx.o(.text)
    EXTI15_10_IRQHandler                     0x080001db   Thumb Code     0  startup_stm32f427_437xx.o(.text)
    EXTI1_IRQHandler                         0x080001db   Thumb Code     0  startup_stm32f427_437xx.o(.text)
    EXTI2_IRQHandler                         0x080001db   Thumb Code     0  startup_stm32f427_437xx.o(.text)
    EXTI3_IRQHandler                         0x080001db   Thumb Code     0  startup_stm32f427_437xx.o(.text)
    EXTI4_IRQHandler                         0x080001db   Thumb Code     0  startup_stm32f427_437xx.o(.text)
    EXTI9_5_IRQHandler                       0x080001db   Thumb Code     0  startup_stm32f427_437xx.o(.text)
    FLASH_IRQHandler                         0x080001db   Thumb Code     0  startup_stm32f427_437xx.o(.text)
    FMC_IRQHandler                           0x080001db   Thumb Code     0  startup_stm32f427_437xx.o(.text)
    FPU_IRQHandler                           0x080001db   Thumb Code     0  startup_stm32f427_437xx.o(.text)
    HASH_RNG_IRQHandler                      0x080001db   Thumb Code     0  startup_stm32f427_437xx.o(.text)
    I2C1_ER_IRQHandler                       0x080001db   Thumb Code     0  startup_stm32f427_437xx.o(.text)
    I2C1_EV_IRQHandler                       0x080001db   Thumb Code     0  startup_stm32f427_437xx.o(.text)
    I2C2_ER_IRQHandler                       0x080001db   Thumb Code     0  startup_stm32f427_437xx.o(.text)
    I2C2_EV_IRQHandler                       0x080001db   Thumb Code     0  startup_stm32f427_437xx.o(.text)
    I2C3_ER_IRQHandler                       0x080001db   Thumb Code     0  startup_stm32f427_437xx.o(.text)
    I2C3_EV_IRQHandler                       0x080001db   Thumb Code     0  startup_stm32f427_437xx.o(.text)
    OTG_FS_IRQHandler                        0x080001db   Thumb Code     0  startup_stm32f427_437xx.o(.text)
    OTG_FS_WKUP_IRQHandler                   0x080001db   Thumb Code     0  startup_stm32f427_437xx.o(.text)
    OTG_HS_EP1_IN_IRQHandler                 0x080001db   Thumb Code     0  startup_stm32f427_437xx.o(.text)
    OTG_HS_EP1_OUT_IRQHandler                0x080001db   Thumb Code     0  startup_stm32f427_437xx.o(.text)
    OTG_HS_IRQHandler                        0x080001db   Thumb Code     0  startup_stm32f427_437xx.o(.text)
    OTG_HS_WKUP_IRQHandler                   0x080001db   Thumb Code     0  startup_stm32f427_437xx.o(.text)
    PVD_IRQHandler                           0x080001db   Thumb Code     0  startup_stm32f427_437xx.o(.text)
    RCC_IRQHandler                           0x080001db   Thumb Code     0  startup_stm32f427_437xx.o(.text)
    RTC_Alarm_IRQHandler                     0x080001db   Thumb Code     0  startup_stm32f427_437xx.o(.text)
    RTC_WKUP_IRQHandler                      0x080001db   Thumb Code     0  startup_stm32f427_437xx.o(.text)
    SAI1_IRQHandler                          0x080001db   Thumb Code     0  startup_stm32f427_437xx.o(.text)
    SDIO_IRQHandler                          0x080001db   Thumb Code     0  startup_stm32f427_437xx.o(.text)
    SPI1_IRQHandler                          0x080001db   Thumb Code     0  startup_stm32f427_437xx.o(.text)
    SPI2_IRQHandler                          0x080001db   Thumb Code     0  startup_stm32f427_437xx.o(.text)
    SPI3_IRQHandler                          0x080001db   Thumb Code     0  startup_stm32f427_437xx.o(.text)
    SPI4_IRQHandler                          0x080001db   Thumb Code     0  startup_stm32f427_437xx.o(.text)
    SPI5_IRQHandler                          0x080001db   Thumb Code     0  startup_stm32f427_437xx.o(.text)
    SPI6_IRQHandler                          0x080001db   Thumb Code     0  startup_stm32f427_437xx.o(.text)
    TAMP_STAMP_IRQHandler                    0x080001db   Thumb Code     0  startup_stm32f427_437xx.o(.text)
    TIM1_BRK_TIM9_IRQHandler                 0x080001db   Thumb Code     0  startup_stm32f427_437xx.o(.text)
    TIM1_CC_IRQHandler                       0x080001db   Thumb Code     0  startup_stm32f427_437xx.o(.text)
    TIM1_TRG_COM_TIM11_IRQHandler            0x080001db   Thumb Code     0  startup_stm32f427_437xx.o(.text)
    TIM1_UP_TIM10_IRQHandler                 0x080001db   Thumb Code     0  startup_stm32f427_437xx.o(.text)
    TIM2_IRQHandler                          0x080001db   Thumb Code     0  startup_stm32f427_437xx.o(.text)
    TIM3_IRQHandler                          0x080001db   Thumb Code     0  startup_stm32f427_437xx.o(.text)
    TIM4_IRQHandler                          0x080001db   Thumb Code     0  startup_stm32f427_437xx.o(.text)
    TIM7_IRQHandler                          0x080001db   Thumb Code     0  startup_stm32f427_437xx.o(.text)
    TIM8_BRK_TIM12_IRQHandler                0x080001db   Thumb Code     0  startup_stm32f427_437xx.o(.text)
    TIM8_CC_IRQHandler                       0x080001db   Thumb Code     0  startup_stm32f427_437xx.o(.text)
    TIM8_TRG_COM_TIM14_IRQHandler            0x080001db   Thumb Code     0  startup_stm32f427_437xx.o(.text)
    TIM8_UP_TIM13_IRQHandler                 0x080001db   Thumb Code     0  startup_stm32f427_437xx.o(.text)
    UART4_IRQHandler                         0x080001db   Thumb Code     0  startup_stm32f427_437xx.o(.text)
    UART5_IRQHandler                         0x080001db   Thumb Code     0  startup_stm32f427_437xx.o(.text)
    UART7_IRQHandler                         0x080001db   Thumb Code     0  startup_stm32f427_437xx.o(.text)
    UART8_IRQHandler                         0x080001db   Thumb Code     0  startup_stm32f427_437xx.o(.text)
    WWDG_IRQHandler                          0x080001db   Thumb Code     0  startup_stm32f427_437xx.o(.text)
    __aeabi_memcpy                           0x080001e5   Thumb Code    36  memcpya.o(.text)
    __aeabi_memcpy4                          0x080001e5   Thumb Code     0  memcpya.o(.text)
    __aeabi_memcpy8                          0x080001e5   Thumb Code     0  memcpya.o(.text)
    __aeabi_memset                           0x08000209   Thumb Code    14  memseta.o(.text)
    __aeabi_memset4                          0x08000209   Thumb Code     0  memseta.o(.text)
    __aeabi_memset8                          0x08000209   Thumb Code     0  memseta.o(.text)
    __aeabi_memclr                           0x08000217   Thumb Code     4  memseta.o(.text)
    __aeabi_memclr4                          0x08000217   Thumb Code     0  memseta.o(.text)
    __aeabi_memclr8                          0x08000217   Thumb Code     0  memseta.o(.text)
    _memset$wrapper                          0x0800021b   Thumb Code    18  memseta.o(.text)
    __aeabi_dadd                             0x0800022d   Thumb Code   322  dadd.o(.text)
    __aeabi_dsub                             0x0800036f   Thumb Code     6  dadd.o(.text)
    __aeabi_drsub                            0x08000375   Thumb Code     6  dadd.o(.text)
    __aeabi_dmul                             0x0800037b   Thumb Code   228  dmul.o(.text)
    __aeabi_i2d                              0x0800045f   Thumb Code    34  dflti.o(.text)
    __aeabi_f2d                              0x08000481   Thumb Code    38  f2d.o(.text)
    __aeabi_d2f                              0x080004a7   Thumb Code    56  d2f.o(.text)
    __aeabi_uidiv                            0x080004df   Thumb Code     0  uidiv.o(.text)
    __aeabi_uidivmod                         0x080004df   Thumb Code    44  uidiv.o(.text)
    __aeabi_llsl                             0x0800050b   Thumb Code    30  llshl.o(.text)
    _ll_shift_l                              0x0800050b   Thumb Code     0  llshl.o(.text)
    __aeabi_lasr                             0x08000529   Thumb Code    36  llsshr.o(.text)
    _ll_sshift_r                             0x08000529   Thumb Code     0  llsshr.o(.text)
    __I$use$fp                               0x0800054d   Thumb Code     0  iusefp.o(.text)
    _float_round                             0x0800054d   Thumb Code    18  fepilogue.o(.text)
    _float_epilogue                          0x0800055f   Thumb Code    92  fepilogue.o(.text)
    _double_round                            0x080005bb   Thumb Code    30  depilogue.o(.text)
    _double_epilogue                         0x080005d9   Thumb Code   156  depilogue.o(.text)
    __aeabi_ddiv                             0x08000675   Thumb Code   222  ddiv.o(.text)
    _dsqrt                                   0x08000753   Thumb Code   162  dsqrt.o(.text)
    __scatterload                            0x080007f5   Thumb Code    28  init.o(.text)
    __scatterload_rt2                        0x080007f5   Thumb Code     0  init.o(.text)
    __aeabi_llsr                             0x08000819   Thumb Code    32  llushr.o(.text)
    _ll_ushift_r                             0x08000819   Thumb Code     0  llushr.o(.text)
    __decompress                             0x08000839   Thumb Code     0  __dczerorl2.o(.text)
    __decompress1                            0x08000839   Thumb Code    86  __dczerorl2.o(.text)
    AHRSInit                                 0x08000891   Thumb Code   684  imu.o(i.AHRSInit)
    AHRSUpdate                               0x08000b75   Thumb Code  2116  imu.o(i.AHRSUpdate)
    All_Init                                 0x08001409   Thumb Code   152  driver.o(i.All_Init)
    AppInit                                  0x080014a1   Thumb Code    12  appinit.o(i.AppInit)
    BSP_FLASH_GetFlashSector                 0x080014ad   Thumb Code   116  bsp_flash.o(i.BSP_FLASH_GetFlashSector)
    BSP_FLASH_Read                           0x0800154d   Thumb Code    34  bsp_flash.o(i.BSP_FLASH_Read)
    BSP_FLASH_Write                          0x08001575   Thumb Code   168  bsp_flash.o(i.BSP_FLASH_Write)
    BasicProtocolAnalysis                    0x08001621   Thumb Code  1486  protocol.o(i.BasicProtocolAnalysis)
    BusFault_Handler                         0x08001c01   Thumb Code     4  stm32f4xx_it.o(i.BusFault_Handler)
    CAN1_RX0_IRQHandler                      0x08001c05   Thumb Code    50  can.o(i.CAN1_RX0_IRQHandler)
    CAN1_TX_IRQHandler                       0x08001c41   Thumb Code    22  can.o(i.CAN1_TX_IRQHandler)
    CAN2_RX0_IRQHandler                      0x08001c5d   Thumb Code    42  can.o(i.CAN2_RX0_IRQHandler)
    CAN2_TX_IRQHandler                       0x08001c8d   Thumb Code    22  can.o(i.CAN2_TX_IRQHandler)
    CAN_ClearFlag                            0x08001ca9   Thumb Code    52  stm32f4xx_can.o(i.CAN_ClearFlag)
    CAN_ClearITPendingBit                    0x08001ce1   Thumb Code   162  stm32f4xx_can.o(i.CAN_ClearITPendingBit)
    CAN_DeInit                               0x08001d89   Thumb Code    50  stm32f4xx_can.o(i.CAN_DeInit)
    CAN_FilterInit                           0x08001dc1   Thumb Code   258  stm32f4xx_can.o(i.CAN_FilterInit)
    CAN_GetITStatus                          0x08001ec9   Thumb Code   284  stm32f4xx_can.o(i.CAN_GetITStatus)
    CAN_ITConfig                             0x08001fe9   Thumb Code    18  stm32f4xx_can.o(i.CAN_ITConfig)
    CAN_Init                                 0x08001ffb   Thumb Code   276  stm32f4xx_can.o(i.CAN_Init)
    CAN_Receive                              0x0800210f   Thumb Code   240  stm32f4xx_can.o(i.CAN_Receive)
    CAN_StructInit                           0x080021ff   Thumb Code    32  stm32f4xx_can.o(i.CAN_StructInit)
    Can1_Init                                0x08002221   Thumb Code   262  can.o(i.Can1_Init)
    Can2_Init                                0x08002331   Thumb Code   266  can.o(i.Can2_Init)
    CanProtocolAnalysis                      0x08002445   Thumb Code   466  protocol.o(i.CanProtocolAnalysis)
    ChassisControl                           0x08002639   Thumb Code   456  controltask.o(i.ChassisControl)
    CheckDog                                 0x08002849   Thumb Code    84  selfcheck.o(i.CheckDog)
    DMA_ClearFlag                            0x080028c1   Thumb Code    38  stm32f4xx_dma.o(i.DMA_ClearFlag)
    DMA_Cmd                                  0x080028f5   Thumb Code    22  stm32f4xx_dma.o(i.DMA_Cmd)
    DMA_DeInit                               0x0800290d   Thumb Code   324  stm32f4xx_dma.o(i.DMA_DeInit)
    DMA_DoubleBufferModeCmd                  0x08002a65   Thumb Code    22  stm32f4xx_dma.o(i.DMA_DoubleBufferModeCmd)
    DMA_DoubleBufferModeConfig               0x08002a7b   Thumb Code    24  stm32f4xx_dma.o(i.DMA_DoubleBufferModeConfig)
    DMA_GetCmdStatus                         0x08002a93   Thumb Code    20  stm32f4xx_dma.o(i.DMA_GetCmdStatus)
    DMA_GetCurrDataCounter                   0x08002aa7   Thumb Code     8  stm32f4xx_dma.o(i.DMA_GetCurrDataCounter)
    DMA_GetCurrentMemoryTarget               0x08002aaf   Thumb Code    20  stm32f4xx_dma.o(i.DMA_GetCurrentMemoryTarget)
    DMA_Init                                 0x08002ac5   Thumb Code    82  stm32f4xx_dma.o(i.DMA_Init)
    DMA_StructInit                           0x08002b1d   Thumb Code    34  stm32f4xx_dma.o(i.DMA_StructInit)
    DebugMon_Handler                         0x08002b3f   Thumb Code     2  stm32f4xx_it.o(i.DebugMon_Handler)
    Delay_ms                                 0x08002b41   Thumb Code    24  timer.o(i.Delay_ms)
    Delay_us                                 0x08002b59   Thumb Code    18  timer.o(i.Delay_us)
    Duty_loop                                0x08002d25   Thumb Code   160  dutytasks.o(i.Duty_loop)
    EncoderInit                              0x08002dc9   Thumb Code     2  encoder.o(i.EncoderInit)
    EncoderProcess                           0x08002dcd   Thumb Code   202  cantask.o(i.EncoderProcess)
    FLASH_DataCacheCmd                       0x08002ea5   Thumb Code    30  stm32f4xx_flash.o(i.FLASH_DataCacheCmd)
    FLASH_EraseSector                        0x08002ec9   Thumb Code   130  stm32f4xx_flash.o(i.FLASH_EraseSector)
    FLASH_GetStatus                          0x08002f51   Thumb Code    66  stm32f4xx_flash.o(i.FLASH_GetStatus)
    FLASH_Lock                               0x08002f99   Thumb Code    14  stm32f4xx_flash.o(i.FLASH_Lock)
    FLASH_ProgramByte                        0x08002fad   Thumb Code    70  stm32f4xx_flash.o(i.FLASH_ProgramByte)
    FLASH_Unlock                             0x08002ff9   Thumb Code    24  stm32f4xx_flash.o(i.FLASH_Unlock)
    FLASH_WaitForLastOperation               0x0800301d   Thumb Code    34  stm32f4xx_flash.o(i.FLASH_WaitForLastOperation)
    FeedDog                                  0x08003041   Thumb Code    24  selfcheck.o(i.FeedDog)
    FireControl                              0x08003061   Thumb Code     2  controltask.o(i.FireControl)
    GPIO_Init                                0x08003063   Thumb Code   144  stm32f4xx_gpio.o(i.GPIO_Init)
    GPIO_PinAFConfig                         0x080030f3   Thumb Code    70  stm32f4xx_gpio.o(i.GPIO_PinAFConfig)
    GPIO_ResetBits                           0x08003139   Thumb Code     4  stm32f4xx_gpio.o(i.GPIO_ResetBits)
    GPIO_SetBits                             0x0800313d   Thumb Code     4  stm32f4xx_gpio.o(i.GPIO_SetBits)
    GPIO_StructInit                          0x08003141   Thumb Code    18  stm32f4xx_gpio.o(i.GPIO_StructInit)
    GPIO_ToggleBits                          0x08003153   Thumb Code     8  stm32f4xx_gpio.o(i.GPIO_ToggleBits)
    GetEncoderBias                           0x0800315b   Thumb Code    20  cantask.o(i.GetEncoderBias)
    GetInnerLoop                             0x08003171   Thumb Code    42  timer.o(i.GetInnerLoop)
    GetRcMode                                0x080031a5   Thumb Code    20  rc.o(i.GetRcMode)
    GetWSCurrent                             0x080031bd   Thumb Code     6  modeduty.o(i.GetWSCurrent)
    GimbalControl                            0x080031c9   Thumb Code     2  controltask.o(i.GimbalControl)
    HardFault_Handler                        0x080031cb   Thumb Code     4  stm32f4xx_it.o(i.HardFault_Handler)
    IMU_ACCERDataCali                        0x080031d1   Thumb Code    14  parameters.o(i.IMU_ACCERDataCali)
    IMU_GYRODataCali                         0x080031e5   Thumb Code    14  parameters.o(i.IMU_GYRODataCali)
    IMU_MAGDataCali                          0x080031f9   Thumb Code    14  parameters.o(i.IMU_MAGDataCali)
    IST8310_CALI                             0x0800320d   Thumb Code   586  ist8310.o(i.IST8310_CALI)
    IST8310_Data_Prepare                     0x0800347d   Thumb Code   100  ist8310.o(i.IST8310_Data_Prepare)
    IST8310_Init                             0x080034ed   Thumb Code   242  ist8310.o(i.IST8310_Init)
    IST8310_getRawEX                         0x080035e1   Thumb Code   130  ist8310.o(i.IST8310_getRawEX)
    InnerLoopInit                            0x080036eb   Thumb Code    22  timer.o(i.InnerLoopInit)
    IsDeviceLost                             0x08003701   Thumb Code    28  selfcheck.o(i.IsDeviceLost)
    Led_Configuration                        0x08003721   Thumb Code   112  led.o(i.Led_Configuration)
    MPU6500_Data_Cali                        0x08003799   Thumb Code   458  mpu6500.o(i.MPU6500_Data_Cali)
    MPU6500_Data_Prepare                     0x08003991   Thumb Code   840  mpu6500.o(i.MPU6500_Data_Prepare)
    MPU6500_Init                             0x08003d05   Thumb Code   160  mpu6500.o(i.MPU6500_Init)
    MPU6500_ReadValueRaw                     0x08003da5   Thumb Code   156  mpu6500.o(i.MPU6500_ReadValueRaw)
    MPU6500_Read_Reg                         0x08003e51   Thumb Code    40  spi.o(i.MPU6500_Read_Reg)
    MPU6500_Write_Reg                        0x08003e7d   Thumb Code    40  spi.o(i.MPU6500_Write_Reg)
    MemManage_Handler                        0x08003f35   Thumb Code     4  stm32f4xx_it.o(i.MemManage_Handler)
    NMI_Handler                              0x08003f39   Thumb Code     2  stm32f4xx_it.o(i.NMI_Handler)
    NVIC_Init                                0x08003f3d   Thumb Code   106  misc.o(i.NVIC_Init)
    NVIC_PriorityGroupConfig                 0x08003fb5   Thumb Code    10  misc.o(i.NVIC_PriorityGroupConfig)
    PID_calculate                            0x08003fc9   Thumb Code   430  pid.o(i.PID_calculate)
    PWM_Init                                 0x08004181   Thumb Code   198  pwm.o(i.PWM_Init)
    ParametersInit                           0x08004251   Thumb Code    52  parameters.o(i.ParametersInit)
    ParametersSave                           0x0800428d   Thumb Code    76  parameters.o(i.ParametersSave)
    PendSV_Handler                           0x080042e9   Thumb Code     2  stm32f4xx_it.o(i.PendSV_Handler)
    RCC_AHB1PeriphClockCmd                   0x080042ed   Thumb Code    26  stm32f4xx_rcc.o(i.RCC_AHB1PeriphClockCmd)
    RCC_APB1PeriphClockCmd                   0x0800430d   Thumb Code    26  stm32f4xx_rcc.o(i.RCC_APB1PeriphClockCmd)
    RCC_APB1PeriphResetCmd                   0x0800432d   Thumb Code    26  stm32f4xx_rcc.o(i.RCC_APB1PeriphResetCmd)
    RCC_APB2PeriphClockCmd                   0x0800434d   Thumb Code    26  stm32f4xx_rcc.o(i.RCC_APB2PeriphClockCmd)
    RCC_APB2PeriphResetCmd                   0x0800436d   Thumb Code    26  stm32f4xx_rcc.o(i.RCC_APB2PeriphResetCmd)
    RCC_GetClocksFreq                        0x0800438d   Thumb Code   214  stm32f4xx_rcc.o(i.RCC_GetClocksFreq)
    RcProtocolAnalysis                       0x08004475   Thumb Code   162  protocol.o(i.RcProtocolAnalysis)
    Rc_Init                                  0x0800451d   Thumb Code     8  rc.o(i.Rc_Init)
    SPI5_Init                                0x08004525   Thumb Code   212  spi.o(i.SPI5_Init)
    SPI5_Read_Write_Byte                     0x08004601   Thumb Code    78  spi.o(i.SPI5_Read_Write_Byte)
    SPI_Cmd                                  0x08004655   Thumb Code    24  stm32f4xx_spi.o(i.SPI_Cmd)
    SPI_I2S_GetFlagStatus                    0x0800466d   Thumb Code    18  stm32f4xx_spi.o(i.SPI_I2S_GetFlagStatus)
    SPI_I2S_ReceiveData                      0x0800467f   Thumb Code     6  stm32f4xx_spi.o(i.SPI_I2S_ReceiveData)
    SPI_I2S_SendData                         0x08004685   Thumb Code     4  stm32f4xx_spi.o(i.SPI_I2S_SendData)
    SPI_Init                                 0x08004689   Thumb Code    60  stm32f4xx_spi.o(i.SPI_Init)
    SVC_Handler                              0x080046c5   Thumb Code     2  stm32f4xx_it.o(i.SVC_Handler)
    SensorOffsetInit                         0x080046c9   Thumb Code    42  parameters.o(i.SensorOffsetInit)
    SystemInit                               0x080047f1   Thumb Code    88  system_stm32f4xx.o(i.SystemInit)
    TIM5_Configuration                       0x08004859   Thumb Code    58  timer.o(i.TIM5_Configuration)
    TIM5_IRQHandler                          0x08004899   Thumb Code    30  timer.o(i.TIM5_IRQHandler)
    TIM6_Configuration                       0x080048bd   Thumb Code    70  timer.o(i.TIM6_Configuration)
    TIM6_DAC_IRQHandler                      0x08004909   Thumb Code    34  timer.o(i.TIM6_DAC_IRQHandler)
    TIM6_Start                               0x08004931   Thumb Code    30  timer.o(i.TIM6_Start)
    TIM_ARRPreloadConfig                     0x08004955   Thumb Code    24  stm32f4xx_tim.o(i.TIM_ARRPreloadConfig)
    TIM_ClearFlag                            0x0800496d   Thumb Code     6  stm32f4xx_tim.o(i.TIM_ClearFlag)
    TIM_ClearITPendingBit                    0x08004973   Thumb Code     6  stm32f4xx_tim.o(i.TIM_ClearITPendingBit)
    TIM_Cmd                                  0x08004979   Thumb Code    24  stm32f4xx_tim.o(i.TIM_Cmd)
    TIM_GetITStatus                          0x08004991   Thumb Code    34  stm32f4xx_tim.o(i.TIM_GetITStatus)
    TIM_ITConfig                             0x080049b3   Thumb Code    18  stm32f4xx_tim.o(i.TIM_ITConfig)
    TIM_OC1Init                              0x080049c5   Thumb Code   114  stm32f4xx_tim.o(i.TIM_OC1Init)
    TIM_OC1PreloadConfig                     0x08004a41   Thumb Code    18  stm32f4xx_tim.o(i.TIM_OC1PreloadConfig)
    TIM_OC2Init                              0x08004a55   Thumb Code   154  stm32f4xx_tim.o(i.TIM_OC2Init)
    TIM_OC2PreloadConfig                     0x08004af9   Thumb Code    26  stm32f4xx_tim.o(i.TIM_OC2PreloadConfig)
    TIM_TimeBaseInit                         0x08004b15   Thumb Code   104  stm32f4xx_tim.o(i.TIM_TimeBaseInit)
    USART1_IRQHandler                        0x08004b99   Thumb Code   182  rc.o(i.USART1_IRQHandler)
    USART2_IRQHandler                        0x08004c61   Thumb Code    40  usart2.o(i.USART2_IRQHandler)
    USART3_IRQHandler                        0x08004c8d   Thumb Code    58  usart3.o(i.USART3_IRQHandler)
    USART6_IRQHandler                        0x08004ccd   Thumb Code    58  usart6.o(i.USART6_IRQHandler)
    USART_ClearITPendingBit                  0x08004d0d   Thumb Code    30  stm32f4xx_usart.o(i.USART_ClearITPendingBit)
    USART_ClockInit                          0x08004d2b   Thumb Code    32  stm32f4xx_usart.o(i.USART_ClockInit)
    USART_Cmd                                0x08004d4b   Thumb Code    24  stm32f4xx_usart.o(i.USART_Cmd)
    USART_DMACmd                             0x08004d63   Thumb Code    18  stm32f4xx_usart.o(i.USART_DMACmd)
    USART_DeInit                             0x08004d75   Thumb Code   156  stm32f4xx_usart.o(i.USART_DeInit)
    USART_GetITStatus                        0x08004e29   Thumb Code    84  stm32f4xx_usart.o(i.USART_GetITStatus)
    USART_ITConfig                           0x08004e7d   Thumb Code    74  stm32f4xx_usart.o(i.USART_ITConfig)
    USART_Init                               0x08004ec9   Thumb Code   204  stm32f4xx_usart.o(i.USART_Init)
    USART_StructInit                         0x08004f9d   Thumb Code    24  stm32f4xx_usart.o(i.USART_StructInit)
    UsageFault_Handler                       0x08004fb5   Thumb Code     4  stm32f4xx_it.o(i.UsageFault_Handler)
    Usart1_Init                              0x08004fb9   Thumb Code   324  rc.o(i.Usart1_Init)
    Usart2_DataPrepare                       0x08005111   Thumb Code   214  datatransfer.o(i.Usart2_DataPrepare)
    Usart2_Init                              0x080051f9   Thumb Code   332  usart2.o(i.Usart2_Init)
    Usart2_Send                              0x08005355   Thumb Code   176  usart2.o(i.Usart2_Send)
    Usart3_DataPrepare                       0x08005421   Thumb Code   214  datatransfer.o(i.Usart3_DataPrepare)
    Usart3_Init                              0x08005509   Thumb Code     2  usart3.o(i.Usart3_Init)
    Usart6_DataPrepare                       0x0800550d   Thumb Code   214  datatransfer.o(i.Usart6_DataPrepare)
    Usart6_Init                              0x080055f5   Thumb Code     2  usart6.o(i.Usart6_Init)
    WorkStateFSM                             0x080055f9   Thumb Code   150  modeduty.o(i.WorkStateFSM)
    __0sprintf$6                             0x080056a1   Thumb Code    34  printf6.o(i.__0sprintf$6)
    __1sprintf$6                             0x080056a1   Thumb Code     0  printf6.o(i.__0sprintf$6)
    __2sprintf                               0x080056a1   Thumb Code     0  printf6.o(i.__0sprintf$6)
    __ARM_fpclassify                         0x080056c9   Thumb Code    48  fpclassify.o(i.__ARM_fpclassify)
    __ARM_fpclassifyf                        0x080056f9   Thumb Code    38  fpclassifyf.o(i.__ARM_fpclassifyf)
    __hardfp_asinf                           0x08005721   Thumb Code   258  asinf.o(i.__hardfp_asinf)
    __hardfp_atan                            0x08005851   Thumb Code   622  atan.o(i.__hardfp_atan)
    __hardfp_atan2                           0x08005b29   Thumb Code   432  atan2.o(i.__hardfp_atan2)
    __hardfp_atan2f                          0x08005d19   Thumb Code   502  atan2f.o(i.__hardfp_atan2f)
    __hardfp_cosf                            0x08005f69   Thumb Code   280  cosf.o(i.__hardfp_cosf)
    __hardfp_sinf                            0x080060b9   Thumb Code   344  sinf.o(i.__hardfp_sinf)
    __hardfp_sqrt                            0x08006249   Thumb Code   122  sqrt.o(i.__hardfp_sqrt)
    __kernel_poly                            0x080062c3   Thumb Code   248  poly.o(i.__kernel_poly)
    __mathlib_dbl_infnan                     0x080063bb   Thumb Code    20  dunder.o(i.__mathlib_dbl_infnan)
    __mathlib_dbl_infnan2                    0x080063cf   Thumb Code    20  dunder.o(i.__mathlib_dbl_infnan2)
    __mathlib_dbl_underflow                  0x080063e9   Thumb Code    24  dunder.o(i.__mathlib_dbl_underflow)
    __mathlib_flt_infnan                     0x08006409   Thumb Code     6  funder.o(i.__mathlib_flt_infnan)
    __mathlib_flt_infnan2                    0x0800640f   Thumb Code     6  funder.o(i.__mathlib_flt_infnan2)
    __mathlib_flt_invalid                    0x08006415   Thumb Code    10  funder.o(i.__mathlib_flt_invalid)
    __mathlib_flt_underflow                  0x08006425   Thumb Code    10  funder.o(i.__mathlib_flt_underflow)
    __mathlib_rredf2                         0x08006435   Thumb Code   316  rredf.o(i.__mathlib_rredf2)
    __scatterload_copy                       0x08006589   Thumb Code    14  handlers.o(i.__scatterload_copy)
    __scatterload_null                       0x08006597   Thumb Code     2  handlers.o(i.__scatterload_null)
    __scatterload_zeroinit                   0x08006599   Thumb Code    14  handlers.o(i.__scatterload_zeroinit)
    __set_errno                              0x080065a9   Thumb Code     6  errno.o(i.__set_errno)
    atan                                     0x08006901   Thumb Code    16  atan.o(i.atan)
    fabs                                     0x08006911   Thumb Code    24  fabs.o(i.fabs)
    invSqrt                                  0x08006929   Thumb Code   102  imu.o(i.invSqrt)
    main                                     0x08006995   Thumb Code    36  main.o(i.main)
    sqrtf                                    0x080069bd   Thumb Code    62  sqrtf.o(i.sqrtf)
    SelfCheckInitValue                       0x080069fa   Data          22  selfcheck.o(.constdata)
    __mathlib_zero                           0x08006aa8   Data           8  qnan.o(.constdata)
    Region$$Table$$Base                      0x08006ad0   Number         0  anon$$obj.o(Region$$Table)
    Region$$Table$$Limit                     0x08006af0   Number         0  anon$$obj.o(Region$$Table)
    Tx2Counter                               0x20000004   Data           1  usart2.o(.data)
    count2                                   0x20000005   Data           1  usart2.o(.data)
    MPU6500_Acc_Raw                          0x2000000a   Data           6  mpu6500.o(.data)
    MPU6500_Gyro_Raw                         0x20000010   Data           6  mpu6500.o(.data)
    acc_sum_cnt                              0x20000016   Data           2  mpu6500.o(.data)
    gyro_sum_cnt                             0x20000018   Data           2  mpu6500.o(.data)
    filter_cnt                               0x2000001a   Data           1  mpu6500.o(.data)
    filter_cnt_old                           0x2000001b   Data           1  mpu6500.o(.data)
    temp_ist_buff                            0x2000001c   Data           6  ist8310.o(.data)
    can_encoder_flag                         0x2000003e   Data           2  protocol.o(.data)
    checkdata_to_send                        0x20000040   Data           1  protocol.o(.data)
    checksum_to_send                         0x20000041   Data           1  protocol.o(.data)
    send_check                               0x20000042   Data           1  protocol.o(.data)
    send_pid1                                0x20000043   Data           1  protocol.o(.data)
    send_pid2                                0x20000044   Data           1  protocol.o(.data)
    send_pid3                                0x20000045   Data           1  protocol.o(.data)
    SysMode                                  0x20000046   Data           1  modeduty.o(.data)
    ControlMode                              0x20000047   Data           1  modeduty.o(.data)
    SelfCheckErrorFlag                       0x20000058   Data           4  selfcheck.o(.data)
    SelfCheckValue                           0x2000005c   Data          22  selfcheck.o(.data)
    GimbalPitchPosRef                        0x20000074   Data           4  controltask.o(.data)
    GimbalPitchGyrRef                        0x20000078   Data           4  controltask.o(.data)
    GimbalYawPosRef                          0x2000007c   Data           4  controltask.o(.data)
    GimbalYawGyrRef                          0x20000080   Data           4  controltask.o(.data)
    ChassisGoToward                          0x20000084   Data           4  controltask.o(.data)
    ChassisGoLeftRight                       0x20000088   Data           4  controltask.o(.data)
    ChassisMotorSpeed1                       0x2000008c   Data           4  controltask.o(.data)
    ChassisMotorSpeed2                       0x20000090   Data           4  controltask.o(.data)
    ChassisMotorSpeed3                       0x20000094   Data           4  controltask.o(.data)
    ChassisMotorSpeed4                       0x20000098   Data           4  controltask.o(.data)
    ChassisRotateOut                         0x2000009c   Data           4  controltask.o(.data)
    CMOutput1                                0x200000a0   Data           4  controltask.o(.data)
    CMOutput2                                0x200000a4   Data           4  controltask.o(.data)
    CMOutput3                                0x200000a8   Data           4  controltask.o(.data)
    CMOutput4                                0x200000ac   Data           4  controltask.o(.data)
    CALIFLAG                                 0x200000b0   Data           1  parameters.o(.data)
    ParamSavedFlag                           0x200000b1   Data           1  parameters.o(.data)
    ParaSavingFlag                           0x200000b2   Data           1  parameters.o(.data)
    PID_arg                                  0x200000b3   Data         224  parameters.o(.data)
    Roll                                     0x20000194   Data           4  imu.o(.data)
    Pitch                                    0x20000198   Data           4  imu.o(.data)
    Yaw                                      0x2000019c   Data           4  imu.o(.data)
    ref_q                                    0x200001a0   Data          16  imu.o(.data)
    norm_acc                                 0x200001b0   Data           4  imu.o(.data)
    norm_q                                   0x200001b4   Data           4  imu.o(.data)
    norm_acc_lpf                             0x200001b8   Data           4  imu.o(.data)
    mag_norm                                 0x200001bc   Data           4  imu.o(.data)
    mag_norm_xyz                             0x200001c0   Data           4  imu.o(.data)
    acc_ng_cali                              0x200001c4   Data           1  imu.o(.data)
    q0q0                                     0x200001c8   Data           4  imu.o(.data)
    q0q1                                     0x200001cc   Data           4  imu.o(.data)
    q0q2                                     0x200001d0   Data           4  imu.o(.data)
    q0q3                                     0x200001d4   Data           4  imu.o(.data)
    q1q1                                     0x200001d8   Data           4  imu.o(.data)
    q1q2                                     0x200001dc   Data           4  imu.o(.data)
    q1q3                                     0x200001e0   Data           4  imu.o(.data)
    q2q2                                     0x200001e4   Data           4  imu.o(.data)
    q2q3                                     0x200001e8   Data           4  imu.o(.data)
    q3q3                                     0x200001ec   Data           4  imu.o(.data)
    q0                                       0x200001f0   Data           4  imu.o(.data)
    q1                                       0x200001f4   Data           4  imu.o(.data)
    q2                                       0x200001f8   Data           4  imu.o(.data)
    q3                                       0x200001fc   Data           4  imu.o(.data)
    dq0                                      0x20000200   Data           4  imu.o(.data)
    dq1                                      0x20000204   Data           4  imu.o(.data)
    dq2                                      0x20000208   Data           4  imu.o(.data)
    dq3                                      0x2000020c   Data           4  imu.o(.data)
    _USART1_DMA_RX_BUF                       0x2000023c   Data          60  rc.o(.bss)
    Rx_2_Buf                                 0x20000318   Data         256  usart2.o(.bss)
    Tx2Buffer                                0x20000418   Data         256  usart2.o(.bss)
    Tx2DMABuffer                             0x20000518   Data         256  usart2.o(.bss)
    MPU6500_Acc                              0x20000618   Data          12  mpu6500.o(.bss)
    MPU6500_Gyro                             0x20000624   Data          12  mpu6500.o(.bss)
    mpu6500_buf                              0x20000630   Data          20  mpu6500.o(.bss)
    sum_temp                                 0x20000644   Data          28  mpu6500.o(.bss)
    mpu6500_tmp                              0x20000660   Data          28  mpu6500.o(.bss)
    mpu_fil_tmp                              0x2000067c   Data          28  mpu6500.o(.bss)
    FILT_BUF                                 0x20000698   Data         154  mpu6500.o(.bss)
    IST_Raw                                  0x20000732   Data          12  ist8310.o(.bss)
    MagValue                                 0x2000073e   Data          12  ist8310.o(.bss)
    CM1Encoder                               0x2000074c   Data          68  protocol.o(.bss)
    CM2Encoder                               0x20000790   Data          68  protocol.o(.bss)
    CM3Encoder                               0x200007d4   Data          68  protocol.o(.bss)
    CM4Encoder                               0x20000818   Data          68  protocol.o(.bss)
    GMYawEncoder                             0x2000085c   Data          68  protocol.o(.bss)
    GMPitchEncoder                           0x200008a0   Data          68  protocol.o(.bss)
    RC_CtrlData                              0x200008e4   Data          22  protocol.o(.bss)
    data_to_send                             0x200008fa   Data          50  datatransfer.o(.bss)
    IMUSensor_Offset                         0x200009c4   Data          36  parameters.o(.bss)
    AllDataUnion                             0x200009e8   Data         265  parameters.o(.bss)
    PID_val                                  0x20000af4   Data         396  parameters.o(.bss)
    reference_v                              0x20000c80   Data          12  imu.o(.bss)
    ref                                      0x20000c8c   Data          60  imu.o(.bss)
    mag_sim_3d                               0x20000cc8   Data          12  imu.o(.bss)
    acc_3d_hg                                0x20000cd4   Data          12  imu.o(.bss)
    acc_ng                                   0x20000ce0   Data          12  imu.o(.bss)
    acc_ng_offset                            0x20000cec   Data          12  imu.o(.bss)
    gyro_bias                                0x20000cf8   Data          12  imu.o(.bss)
    __initial_sp                             0x20001110   Data           0  startup_stm32f427_437xx.o(STACK)



==============================================================================

Memory Map of the image

  Image Entry point : 0x080001ad

  Load Region LR_IROM1 (Base: 0x08000000, Size: 0x00006d2c, Max: 0x00200000, ABSOLUTE, COMPRESSED[0x00006b1c])

    Execution Region ER_IROM1 (Exec base: 0x08000000, Load base: 0x08000000, Size: 0x00006af0, Max: 0x00200000, ABSOLUTE)

    Exec Addr    Load Addr    Size         Type   Attr      Idx    E Section Name        Object

    0x08000000   0x08000000   0x000001ac   Data   RO          278    RESET               startup_stm32f427_437xx.o
    0x080001ac   0x080001ac   0x00000000   Code   RO         5988  * .ARM.Collect$$$$00000000  mc_w.l(entry.o)
    0x080001ac   0x080001ac   0x00000004   Code   RO         6344    .ARM.Collect$$$$00000001  mc_w.l(entry2.o)
    0x080001b0   0x080001b0   0x00000004   Code   RO         6347    .ARM.Collect$$$$00000004  mc_w.l(entry5.o)
    0x080001b4   0x080001b4   0x00000000   Code   RO         6349    .ARM.Collect$$$$00000008  mc_w.l(entry7b.o)
    0x080001b4   0x080001b4   0x00000000   Code   RO         6351    .ARM.Collect$$$$0000000A  mc_w.l(entry8b.o)
    0x080001b4   0x080001b4   0x00000008   Code   RO         6352    .ARM.Collect$$$$0000000B  mc_w.l(entry9a.o)
    0x080001bc   0x080001bc   0x00000000   Code   RO         6354    .ARM.Collect$$$$0000000D  mc_w.l(entry10a.o)
    0x080001bc   0x080001bc   0x00000000   Code   RO         6356    .ARM.Collect$$$$0000000F  mc_w.l(entry11a.o)
    0x080001bc   0x080001bc   0x00000004   Code   RO         6345    .ARM.Collect$$$$00002712  mc_w.l(entry2.o)
    0x080001c0   0x080001c0   0x00000024   Code   RO          279    .text               startup_stm32f427_437xx.o
    0x080001e4   0x080001e4   0x00000024   Code   RO         5991    .text               mc_w.l(memcpya.o)
    0x08000208   0x08000208   0x00000024   Code   RO         5993    .text               mc_w.l(memseta.o)
    0x0800022c   0x0800022c   0x0000014e   Code   RO         6258    .text               mf_w.l(dadd.o)
    0x0800037a   0x0800037a   0x000000e4   Code   RO         6260    .text               mf_w.l(dmul.o)
    0x0800045e   0x0800045e   0x00000022   Code   RO         6264    .text               mf_w.l(dflti.o)
    0x08000480   0x08000480   0x00000026   Code   RO         6266    .text               mf_w.l(f2d.o)
    0x080004a6   0x080004a6   0x00000038   Code   RO         6272    .text               mf_w.l(d2f.o)
    0x080004de   0x080004de   0x0000002c   Code   RO         6361    .text               mc_w.l(uidiv.o)
    0x0800050a   0x0800050a   0x0000001e   Code   RO         6365    .text               mc_w.l(llshl.o)
    0x08000528   0x08000528   0x00000024   Code   RO         6367    .text               mc_w.l(llsshr.o)
    0x0800054c   0x0800054c   0x00000000   Code   RO         6376    .text               mc_w.l(iusefp.o)
    0x0800054c   0x0800054c   0x0000006e   Code   RO         6377    .text               mf_w.l(fepilogue.o)
    0x080005ba   0x080005ba   0x000000ba   Code   RO         6379    .text               mf_w.l(depilogue.o)
    0x08000674   0x08000674   0x000000de   Code   RO         6381    .text               mf_w.l(ddiv.o)
    0x08000752   0x08000752   0x000000a2   Code   RO         6383    .text               mf_w.l(dsqrt.o)
    0x080007f4   0x080007f4   0x00000024   Code   RO         6387    .text               mc_w.l(init.o)
    0x08000818   0x08000818   0x00000020   Code   RO         6390    .text               mc_w.l(llushr.o)
    0x08000838   0x08000838   0x00000056   Code   RO         6401    .text               mc_w.l(__dczerorl2.o)
    0x0800088e   0x0800088e   0x00000002   PAD
    0x08000890   0x08000890   0x000002e4   Code   RO         1367    i.AHRSInit          imu.o
    0x08000b74   0x08000b74   0x00000894   Code   RO         1368    i.AHRSUpdate        imu.o
    0x08001408   0x08001408   0x00000098   Code   RO          393    i.All_Init          driver.o
    0x080014a0   0x080014a0   0x0000000c   Code   RO         1270    i.AppInit           appinit.o
    0x080014ac   0x080014ac   0x000000a0   Code   RO          286    i.BSP_FLASH_GetFlashSector  bsp_flash.o
    0x0800154c   0x0800154c   0x00000022   Code   RO          287    i.BSP_FLASH_Read    bsp_flash.o
    0x0800156e   0x0800156e   0x00000006   Code   RO          288    i.BSP_FLASH_ReadByte  bsp_flash.o
    0x08001574   0x08001574   0x000000ac   Code   RO          289    i.BSP_FLASH_Write   bsp_flash.o
    0x08001620   0x08001620   0x000005e0   Code   RO          914    i.BasicProtocolAnalysis  protocol.o
    0x08001c00   0x08001c00   0x00000004   Code   RO          210    i.BusFault_Handler  stm32f4xx_it.o
    0x08001c04   0x08001c04   0x0000003c   Code   RO          330    i.CAN1_RX0_IRQHandler  can.o
    0x08001c40   0x08001c40   0x0000001c   Code   RO          331    i.CAN1_TX_IRQHandler  can.o
    0x08001c5c   0x08001c5c   0x00000030   Code   RO          332    i.CAN2_RX0_IRQHandler  can.o
    0x08001c8c   0x08001c8c   0x0000001c   Code   RO          333    i.CAN2_TX_IRQHandler  can.o
    0x08001ca8   0x08001ca8   0x00000038   Code   RO         1751    i.CAN_ClearFlag     stm32f4xx_can.o
    0x08001ce0   0x08001ce0   0x000000a8   Code   RO         1752    i.CAN_ClearITPendingBit  stm32f4xx_can.o
    0x08001d88   0x08001d88   0x00000038   Code   RO         1754    i.CAN_DeInit        stm32f4xx_can.o
    0x08001dc0   0x08001dc0   0x00000108   Code   RO         1756    i.CAN_FilterInit    stm32f4xx_can.o
    0x08001ec8   0x08001ec8   0x00000120   Code   RO         1758    i.CAN_GetITStatus   stm32f4xx_can.o
    0x08001fe8   0x08001fe8   0x00000012   Code   RO         1762    i.CAN_ITConfig      stm32f4xx_can.o
    0x08001ffa   0x08001ffa   0x00000114   Code   RO         1763    i.CAN_Init          stm32f4xx_can.o
    0x0800210e   0x0800210e   0x000000f0   Code   RO         1766    i.CAN_Receive       stm32f4xx_can.o
    0x080021fe   0x080021fe   0x00000020   Code   RO         1769    i.CAN_StructInit    stm32f4xx_can.o
    0x0800221e   0x0800221e   0x00000002   PAD
    0x08002220   0x08002220   0x00000110   Code   RO          334    i.Can1_Init         can.o
    0x08002330   0x08002330   0x00000114   Code   RO          335    i.Can2_Init         can.o
    0x08002444   0x08002444   0x000001f4   Code   RO          915    i.CanProtocolAnalysis  protocol.o
    0x08002638   0x08002638   0x00000210   Code   RO         1186    i.ChassisControl    controltask.o
    0x08002848   0x08002848   0x00000064   Code   RO         1140    i.CheckDog          selfcheck.o
    0x080028ac   0x080028ac   0x00000012   Code   RO         1774    i.CheckITStatus     stm32f4xx_can.o
    0x080028be   0x080028be   0x00000002   PAD
    0x080028c0   0x080028c0   0x00000034   Code   RO         2481    i.DMA_ClearFlag     stm32f4xx_dma.o
    0x080028f4   0x080028f4   0x00000016   Code   RO         2483    i.DMA_Cmd           stm32f4xx_dma.o
    0x0800290a   0x0800290a   0x00000002   PAD
    0x0800290c   0x0800290c   0x00000158   Code   RO         2484    i.DMA_DeInit        stm32f4xx_dma.o
    0x08002a64   0x08002a64   0x00000016   Code   RO         2485    i.DMA_DoubleBufferModeCmd  stm32f4xx_dma.o
    0x08002a7a   0x08002a7a   0x00000018   Code   RO         2486    i.DMA_DoubleBufferModeConfig  stm32f4xx_dma.o
    0x08002a92   0x08002a92   0x00000014   Code   RO         2488    i.DMA_GetCmdStatus  stm32f4xx_dma.o
    0x08002aa6   0x08002aa6   0x00000008   Code   RO         2489    i.DMA_GetCurrDataCounter  stm32f4xx_dma.o
    0x08002aae   0x08002aae   0x00000014   Code   RO         2490    i.DMA_GetCurrentMemoryTarget  stm32f4xx_dma.o
    0x08002ac2   0x08002ac2   0x00000002   PAD
    0x08002ac4   0x08002ac4   0x00000058   Code   RO         2495    i.DMA_Init          stm32f4xx_dma.o
    0x08002b1c   0x08002b1c   0x00000022   Code   RO         2499    i.DMA_StructInit    stm32f4xx_dma.o
    0x08002b3e   0x08002b3e   0x00000002   Code   RO          211    i.DebugMon_Handler  stm32f4xx_it.o
    0x08002b40   0x08002b40   0x00000018   Code   RO          538    i.Delay_ms          timer.o
    0x08002b58   0x08002b58   0x00000018   Code   RO          539    i.Delay_us          timer.o
    0x08002b70   0x08002b70   0x00000034   Code   RO         1085    i.Duty_10ms         dutytasks.o
    0x08002ba4   0x08002ba4   0x000000b4   Code   RO         1086    i.Duty_1ms          dutytasks.o
    0x08002c58   0x08002c58   0x0000000e   Code   RO         1087    i.Duty_20ms         dutytasks.o
    0x08002c66   0x08002c66   0x0000000e   Code   RO         1088    i.Duty_2ms          dutytasks.o
    0x08002c74   0x08002c74   0x0000005c   Code   RO         1089    i.Duty_50ms         dutytasks.o
    0x08002cd0   0x08002cd0   0x00000054   Code   RO         1090    i.Duty_5ms          dutytasks.o
    0x08002d24   0x08002d24   0x000000a4   Code   RO         1091    i.Duty_loop         dutytasks.o
    0x08002dc8   0x08002dc8   0x00000002   Code   RO          725    i.EncoderInit       encoder.o
    0x08002dca   0x08002dca   0x00000002   PAD
    0x08002dcc   0x08002dcc   0x000000d8   Code   RO         1229    i.EncoderProcess    cantask.o
    0x08002ea4   0x08002ea4   0x00000024   Code   RO         2686    i.FLASH_DataCacheCmd  stm32f4xx_flash.o
    0x08002ec8   0x08002ec8   0x00000088   Code   RO         2689    i.FLASH_EraseSector  stm32f4xx_flash.o
    0x08002f50   0x08002f50   0x00000048   Code   RO         2691    i.FLASH_GetStatus   stm32f4xx_flash.o
    0x08002f98   0x08002f98   0x00000014   Code   RO         2695    i.FLASH_Lock        stm32f4xx_flash.o
    0x08002fac   0x08002fac   0x0000004c   Code   RO         2708    i.FLASH_ProgramByte  stm32f4xx_flash.o
    0x08002ff8   0x08002ff8   0x00000024   Code   RO         2713    i.FLASH_Unlock      stm32f4xx_flash.o
    0x0800301c   0x0800301c   0x00000022   Code   RO         2714    i.FLASH_WaitForLastOperation  stm32f4xx_flash.o
    0x0800303e   0x0800303e   0x00000002   PAD
    0x08003040   0x08003040   0x00000020   Code   RO         1142    i.FeedDog           selfcheck.o
    0x08003060   0x08003060   0x00000002   Code   RO         1187    i.FireControl       controltask.o
    0x08003062   0x08003062   0x00000090   Code   RO         3022    i.GPIO_Init         stm32f4xx_gpio.o
    0x080030f2   0x080030f2   0x00000046   Code   RO         3023    i.GPIO_PinAFConfig  stm32f4xx_gpio.o
    0x08003138   0x08003138   0x00000004   Code   RO         3029    i.GPIO_ResetBits    stm32f4xx_gpio.o
    0x0800313c   0x0800313c   0x00000004   Code   RO         3030    i.GPIO_SetBits      stm32f4xx_gpio.o
    0x08003140   0x08003140   0x00000012   Code   RO         3031    i.GPIO_StructInit   stm32f4xx_gpio.o
    0x08003152   0x08003152   0x00000008   Code   RO         3032    i.GPIO_ToggleBits   stm32f4xx_gpio.o
    0x0800315a   0x0800315a   0x00000014   Code   RO         1230    i.GetEncoderBias    cantask.o
    0x0800316e   0x0800316e   0x00000002   PAD
    0x08003170   0x08003170   0x00000034   Code   RO          540    i.GetInnerLoop      timer.o
    0x080031a4   0x080031a4   0x00000018   Code   RO          492    i.GetRcMode         rc.o
    0x080031bc   0x080031bc   0x0000000c   Code   RO          969    i.GetWSCurrent      modeduty.o
    0x080031c8   0x080031c8   0x00000002   Code   RO         1188    i.GimbalControl     controltask.o
    0x080031ca   0x080031ca   0x00000004   Code   RO          212    i.HardFault_Handler  stm32f4xx_it.o
    0x080031ce   0x080031ce   0x00000002   PAD
    0x080031d0   0x080031d0   0x00000014   Code   RO         1295    i.IMU_ACCERDataCali  parameters.o
    0x080031e4   0x080031e4   0x00000014   Code   RO         1296    i.IMU_GYRODataCali  parameters.o
    0x080031f8   0x080031f8   0x00000014   Code   RO         1297    i.IMU_MAGDataCali   parameters.o
    0x0800320c   0x0800320c   0x00000270   Code   RO          850    i.IST8310_CALI      ist8310.o
    0x0800347c   0x0800347c   0x00000070   Code   RO          851    i.IST8310_Data_Prepare  ist8310.o
    0x080034ec   0x080034ec   0x000000f2   Code   RO          852    i.IST8310_Init      ist8310.o
    0x080035de   0x080035de   0x00000002   PAD
    0x080035e0   0x080035e0   0x00000090   Code   RO          853    i.IST8310_getRawEX  ist8310.o
    0x08003670   0x08003670   0x0000003a   Code   RO          854    i.IST_Reg_Read_By_MPU  ist8310.o
    0x080036aa   0x080036aa   0x00000040   Code   RO          855    i.IST_Reg_Write_By_MPU  ist8310.o
    0x080036ea   0x080036ea   0x00000016   Code   RO          541    i.InnerLoopInit     timer.o
    0x08003700   0x08003700   0x00000020   Code   RO         1143    i.IsDeviceLost      selfcheck.o
    0x08003720   0x08003720   0x00000078   Code   RO          441    i.Led_Configuration  led.o
    0x08003798   0x08003798   0x000001f8   Code   RO          801    i.MPU6500_Data_Cali  mpu6500.o
    0x08003990   0x08003990   0x00000374   Code   RO          802    i.MPU6500_Data_Prepare  mpu6500.o
    0x08003d04   0x08003d04   0x000000a0   Code   RO          803    i.MPU6500_Init      mpu6500.o
    0x08003da4   0x08003da4   0x000000ac   Code   RO          804    i.MPU6500_ReadValueRaw  mpu6500.o
    0x08003e50   0x08003e50   0x0000002c   Code   RO          759    i.MPU6500_Read_Reg  spi.o
    0x08003e7c   0x08003e7c   0x0000002c   Code   RO          760    i.MPU6500_Write_Reg  spi.o
    0x08003ea8   0x08003ea8   0x0000008c   Code   RO          856    i.MPU_Auto_Read_IST_config  ist8310.o
    0x08003f34   0x08003f34   0x00000004   Code   RO          213    i.MemManage_Handler  stm32f4xx_it.o
    0x08003f38   0x08003f38   0x00000002   Code   RO          214    i.NMI_Handler       stm32f4xx_it.o
    0x08003f3a   0x08003f3a   0x00000002   PAD
    0x08003f3c   0x08003f3c   0x00000078   Code   RO         1427    i.NVIC_Init         misc.o
    0x08003fb4   0x08003fb4   0x00000014   Code   RO         1428    i.NVIC_PriorityGroupConfig  misc.o
    0x08003fc8   0x08003fc8   0x000001b8   Code   RO         5839    i.PID_calculate     pid.o
    0x08004180   0x08004180   0x000000d0   Code   RO          465    i.PWM_Init          pwm.o
    0x08004250   0x08004250   0x0000003c   Code   RO         1298    i.ParametersInit    parameters.o
    0x0800428c   0x0800428c   0x0000005c   Code   RO         1299    i.ParametersSave    parameters.o
    0x080042e8   0x080042e8   0x00000002   Code   RO          215    i.PendSV_Handler    stm32f4xx_it.o
    0x080042ea   0x080042ea   0x00000002   PAD
    0x080042ec   0x080042ec   0x00000020   Code   RO         3678    i.RCC_AHB1PeriphClockCmd  stm32f4xx_rcc.o
    0x0800430c   0x0800430c   0x00000020   Code   RO         3687    i.RCC_APB1PeriphClockCmd  stm32f4xx_rcc.o
    0x0800432c   0x0800432c   0x00000020   Code   RO         3689    i.RCC_APB1PeriphResetCmd  stm32f4xx_rcc.o
    0x0800434c   0x0800434c   0x00000020   Code   RO         3690    i.RCC_APB2PeriphClockCmd  stm32f4xx_rcc.o
    0x0800436c   0x0800436c   0x00000020   Code   RO         3692    i.RCC_APB2PeriphResetCmd  stm32f4xx_rcc.o
    0x0800438c   0x0800438c   0x000000e8   Code   RO         3699    i.RCC_GetClocksFreq  stm32f4xx_rcc.o
    0x08004474   0x08004474   0x000000a8   Code   RO          917    i.RcProtocolAnalysis  protocol.o
    0x0800451c   0x0800451c   0x00000008   Code   RO          493    i.Rc_Init           rc.o
    0x08004524   0x08004524   0x000000dc   Code   RO          761    i.SPI5_Init         spi.o
    0x08004600   0x08004600   0x00000054   Code   RO          762    i.SPI5_Read_Write_Byte  spi.o
    0x08004654   0x08004654   0x00000018   Code   RO         4602    i.SPI_Cmd           stm32f4xx_spi.o
    0x0800466c   0x0800466c   0x00000012   Code   RO         4610    i.SPI_I2S_GetFlagStatus  stm32f4xx_spi.o
    0x0800467e   0x0800467e   0x00000006   Code   RO         4613    i.SPI_I2S_ReceiveData  stm32f4xx_spi.o
    0x08004684   0x08004684   0x00000004   Code   RO         4614    i.SPI_I2S_SendData  stm32f4xx_spi.o
    0x08004688   0x08004688   0x0000003c   Code   RO         4615    i.SPI_Init          stm32f4xx_spi.o
    0x080046c4   0x080046c4   0x00000002   Code   RO          216    i.SVC_Handler       stm32f4xx_it.o
    0x080046c6   0x080046c6   0x00000002   PAD
    0x080046c8   0x080046c8   0x0000003c   Code   RO         1300    i.SensorOffsetInit  parameters.o
    0x08004704   0x08004704   0x000000ec   Code   RO         5657    i.SetSysClock       system_stm32f4xx.o
    0x080047f0   0x080047f0   0x00000068   Code   RO         5659    i.SystemInit        system_stm32f4xx.o
    0x08004858   0x08004858   0x00000040   Code   RO          542    i.TIM5_Configuration  timer.o
    0x08004898   0x08004898   0x00000024   Code   RO          543    i.TIM5_IRQHandler   timer.o
    0x080048bc   0x080048bc   0x0000004c   Code   RO          544    i.TIM6_Configuration  timer.o
    0x08004908   0x08004908   0x00000028   Code   RO          545    i.TIM6_DAC_IRQHandler  timer.o
    0x08004930   0x08004930   0x00000024   Code   RO          546    i.TIM6_Start        timer.o
    0x08004954   0x08004954   0x00000018   Code   RO         4828    i.TIM_ARRPreloadConfig  stm32f4xx_tim.o
    0x0800496c   0x0800496c   0x00000006   Code   RO         4834    i.TIM_ClearFlag     stm32f4xx_tim.o
    0x08004972   0x08004972   0x00000006   Code   RO         4835    i.TIM_ClearITPendingBit  stm32f4xx_tim.o
    0x08004978   0x08004978   0x00000018   Code   RO         4840    i.TIM_Cmd           stm32f4xx_tim.o
    0x08004990   0x08004990   0x00000022   Code   RO         4861    i.TIM_GetITStatus   stm32f4xx_tim.o
    0x080049b2   0x080049b2   0x00000012   Code   RO         4865    i.TIM_ITConfig      stm32f4xx_tim.o
    0x080049c4   0x080049c4   0x0000007c   Code   RO         4869    i.TIM_OC1Init       stm32f4xx_tim.o
    0x08004a40   0x08004a40   0x00000012   Code   RO         4872    i.TIM_OC1PreloadConfig  stm32f4xx_tim.o
    0x08004a52   0x08004a52   0x00000002   PAD
    0x08004a54   0x08004a54   0x000000a4   Code   RO         4874    i.TIM_OC2Init       stm32f4xx_tim.o
    0x08004af8   0x08004af8   0x0000001a   Code   RO         4877    i.TIM_OC2PreloadConfig  stm32f4xx_tim.o
    0x08004b12   0x08004b12   0x00000002   PAD
    0x08004b14   0x08004b14   0x00000084   Code   RO         4912    i.TIM_TimeBaseInit  stm32f4xx_tim.o
    0x08004b98   0x08004b98   0x000000c8   Code   RO          494    i.USART1_IRQHandler  rc.o
    0x08004c60   0x08004c60   0x0000002c   Code   RO          611    i.USART2_IRQHandler  usart2.o
    0x08004c8c   0x08004c8c   0x00000040   Code   RO          651    i.USART3_IRQHandler  usart3.o
    0x08004ccc   0x08004ccc   0x00000040   Code   RO          687    i.USART6_IRQHandler  usart6.o
    0x08004d0c   0x08004d0c   0x0000001e   Code   RO         5394    i.USART_ClearITPendingBit  stm32f4xx_usart.o
    0x08004d2a   0x08004d2a   0x00000020   Code   RO         5395    i.USART_ClockInit   stm32f4xx_usart.o
    0x08004d4a   0x08004d4a   0x00000018   Code   RO         5397    i.USART_Cmd         stm32f4xx_usart.o
    0x08004d62   0x08004d62   0x00000012   Code   RO         5398    i.USART_DMACmd      stm32f4xx_usart.o
    0x08004d74   0x08004d74   0x000000b4   Code   RO         5399    i.USART_DeInit      stm32f4xx_usart.o
    0x08004e28   0x08004e28   0x00000054   Code   RO         5401    i.USART_GetITStatus  stm32f4xx_usart.o
    0x08004e7c   0x08004e7c   0x0000004a   Code   RO         5403    i.USART_ITConfig    stm32f4xx_usart.o
    0x08004ec6   0x08004ec6   0x00000002   PAD
    0x08004ec8   0x08004ec8   0x000000d4   Code   RO         5404    i.USART_Init        stm32f4xx_usart.o
    0x08004f9c   0x08004f9c   0x00000018   Code   RO         5420    i.USART_StructInit  stm32f4xx_usart.o
    0x08004fb4   0x08004fb4   0x00000004   Code   RO          217    i.UsageFault_Handler  stm32f4xx_it.o
    0x08004fb8   0x08004fb8   0x00000158   Code   RO          495    i.Usart1_Init       rc.o
    0x08005110   0x08005110   0x000000e8   Code   RO         1015    i.Usart2_DataPrepare  datatransfer.o
    0x080051f8   0x080051f8   0x0000015c   Code   RO          612    i.Usart2_Init       usart2.o
    0x08005354   0x08005354   0x000000cc   Code   RO          613    i.Usart2_Send       usart2.o
    0x08005420   0x08005420   0x000000e8   Code   RO         1016    i.Usart3_DataPrepare  datatransfer.o
    0x08005508   0x08005508   0x00000002   Code   RO          652    i.Usart3_Init       usart3.o
    0x0800550a   0x0800550a   0x00000002   PAD
    0x0800550c   0x0800550c   0x000000e8   Code   RO         1017    i.Usart6_DataPrepare  datatransfer.o
    0x080055f4   0x080055f4   0x00000002   Code   RO          688    i.Usart6_Init       usart6.o
    0x080055f6   0x080055f6   0x00000002   PAD
    0x080055f8   0x080055f8   0x000000a8   Code   RO          970    i.WorkStateFSM      modeduty.o
    0x080056a0   0x080056a0   0x00000028   Code   RO         6154    i.__0sprintf$6      mc_w.l(printf6.o)
    0x080056c8   0x080056c8   0x00000030   Code   RO         6308    i.__ARM_fpclassify  m_wm.l(fpclassify.o)
    0x080056f8   0x080056f8   0x00000026   Code   RO         6310    i.__ARM_fpclassifyf  m_wm.l(fpclassifyf.o)
    0x0800571e   0x0800571e   0x00000002   PAD
    0x08005720   0x08005720   0x0000012c   Code   RO         5916    i.__hardfp_asinf    m_wm.l(asinf.o)
    0x0800584c   0x0800584c   0x00000004   PAD
    0x08005850   0x08005850   0x000002d8   Code   RO         6274    i.__hardfp_atan     m_wm.l(atan.o)
    0x08005b28   0x08005b28   0x000001f0   Code   RO         5928    i.__hardfp_atan2    m_wm.l(atan2.o)
    0x08005d18   0x08005d18   0x00000250   Code   RO         5940    i.__hardfp_atan2f   m_wm.l(atan2f.o)
    0x08005f68   0x08005f68   0x00000150   Code   RO         5952    i.__hardfp_cosf     m_wm.l(cosf.o)
    0x080060b8   0x080060b8   0x00000190   Code   RO         5964    i.__hardfp_sinf     m_wm.l(sinf.o)
    0x08006248   0x08006248   0x0000007a   Code   RO         5976    i.__hardfp_sqrt     m_wm.l(sqrt.o)
    0x080062c2   0x080062c2   0x000000f8   Code   RO         6326    i.__kernel_poly     m_wm.l(poly.o)
    0x080063ba   0x080063ba   0x00000014   Code   RO         6289    i.__mathlib_dbl_infnan  m_wm.l(dunder.o)
    0x080063ce   0x080063ce   0x00000014   Code   RO         6290    i.__mathlib_dbl_infnan2  m_wm.l(dunder.o)
    0x080063e2   0x080063e2   0x00000006   PAD
    0x080063e8   0x080063e8   0x00000020   Code   RO         6294    i.__mathlib_dbl_underflow  m_wm.l(dunder.o)
    0x08006408   0x08006408   0x00000006   Code   RO         6313    i.__mathlib_flt_infnan  m_wm.l(funder.o)
    0x0800640e   0x0800640e   0x00000006   Code   RO         6314    i.__mathlib_flt_infnan2  m_wm.l(funder.o)
    0x08006414   0x08006414   0x00000010   Code   RO         6315    i.__mathlib_flt_invalid  m_wm.l(funder.o)
    0x08006424   0x08006424   0x00000010   Code   RO         6318    i.__mathlib_flt_underflow  m_wm.l(funder.o)
    0x08006434   0x08006434   0x00000154   Code   RO         6329    i.__mathlib_rredf2  m_wm.l(rredf.o)
    0x08006588   0x08006588   0x0000000e   Code   RO         6395    i.__scatterload_copy  mc_w.l(handlers.o)
    0x08006596   0x08006596   0x00000002   Code   RO         6396    i.__scatterload_null  mc_w.l(handlers.o)
    0x08006598   0x08006598   0x0000000e   Code   RO         6397    i.__scatterload_zeroinit  mc_w.l(handlers.o)
    0x080065a6   0x080065a6   0x00000002   PAD
    0x080065a8   0x080065a8   0x0000000c   Code   RO         6371    i.__set_errno       mc_w.l(errno.o)
    0x080065b4   0x080065b4   0x000002f0   Code   RO         6159    i._printf_core      mc_w.l(printf6.o)
    0x080068a4   0x080068a4   0x00000024   Code   RO         6160    i._printf_post_padding  mc_w.l(printf6.o)
    0x080068c8   0x080068c8   0x0000002e   Code   RO         6161    i._printf_pre_padding  mc_w.l(printf6.o)
    0x080068f6   0x080068f6   0x0000000a   Code   RO         6163    i._sputc            mc_w.l(printf6.o)
    0x08006900   0x08006900   0x00000010   Code   RO         6276    i.atan              m_wm.l(atan.o)
    0x08006910   0x08006910   0x00000018   Code   RO         6304    i.fabs              m_wm.l(fabs.o)
    0x08006928   0x08006928   0x0000006c   Code   RO         1370    i.invSqrt           imu.o
    0x08006994   0x08006994   0x00000028   Code   RO            4    i.main              main.o
    0x080069bc   0x080069bc   0x0000003e   Code   RO         6334    i.sqrtf             m_wm.l(sqrtf.o)
    0x080069fa   0x080069fa   0x00000016   Data   RO         1144    .constdata          selfcheck.o
    0x08006a10   0x08006a10   0x00000098   Data   RO         6277    .constdata          m_wm.l(atan.o)
    0x08006aa8   0x08006aa8   0x00000008   Data   RO         6328    .constdata          m_wm.l(qnan.o)
    0x08006ab0   0x08006ab0   0x00000020   Data   RO         6330    .constdata          m_wm.l(rredf.o)
    0x08006ad0   0x08006ad0   0x00000020   Data   RO         6393    Region$$Table       anon$$obj.o


    Execution Region RW_IRAM1 (Exec base: 0x20000000, Load base: 0x08006af0, Size: 0x00001110, Max: 0x00030000, ABSOLUTE, COMPRESSED[0x0000002c])

    Exec Addr    Load Addr    Size         Type   Attr      Idx    E Section Name        Object

    0x20000000   COMPRESSED   0x00000004   Data   RW          497    .data               rc.o
    0x20000004   COMPRESSED   0x00000005   Data   RW          615    .data               usart2.o
    0x20000009   COMPRESSED   0x00000001   PAD
    0x2000000a   COMPRESSED   0x00000012   Data   RW          806    .data               mpu6500.o
    0x2000001c   COMPRESSED   0x00000022   Data   RW          858    .data               ist8310.o
    0x2000003e   COMPRESSED   0x00000008   Data   RW          920    .data               protocol.o
    0x20000046   COMPRESSED   0x00000002   Data   RW          971    .data               modeduty.o
    0x20000048   COMPRESSED   0x00000009   Data   RW         1019    .data               datatransfer.o
    0x20000051   COMPRESSED   0x00000003   PAD
    0x20000054   COMPRESSED   0x00000004   Data   RW         1092    .data               dutytasks.o
    0x20000058   COMPRESSED   0x0000001a   Data   RW         1145    .data               selfcheck.o
    0x20000072   COMPRESSED   0x00000002   PAD
    0x20000074   COMPRESSED   0x0000003c   Data   RW         1189    .data               controltask.o
    0x200000b0   COMPRESSED   0x000000e3   Data   RW         1303    .data               parameters.o
    0x20000193   COMPRESSED   0x00000001   PAD
    0x20000194   COMPRESSED   0x00000091   Data   RW         1373    .data               imu.o
    0x20000225   COMPRESSED   0x00000010   Data   RW         3722    .data               stm32f4xx_rcc.o
    0x20000235   COMPRESSED   0x00000003   PAD
    0x20000238   COMPRESSED   0x00000004   Data   RW         6372    .data               mc_w.l(errno.o)
    0x2000023c        -       0x0000003c   Zero   RW          496    .bss                rc.o
    0x20000278        -       0x000000a0   Zero   RW          547    .bss                timer.o
    0x20000318        -       0x00000300   Zero   RW          614    .bss                usart2.o
    0x20000618        -       0x0000011a   Zero   RW          805    .bss                mpu6500.o
    0x20000732        -       0x00000018   Zero   RW          857    .bss                ist8310.o
    0x2000074a   COMPRESSED   0x00000002   PAD
    0x2000074c        -       0x000001ae   Zero   RW          919    .bss                protocol.o
    0x200008fa        -       0x000000c8   Zero   RW         1018    .bss                datatransfer.o
    0x200009c2   COMPRESSED   0x00000002   PAD
    0x200009c4        -       0x000002bc   Zero   RW         1302    .bss                parameters.o
    0x20000c80        -       0x00000090   Zero   RW         1372    .bss                imu.o
    0x20000d10        -       0x00000400   Zero   RW          276    STACK               startup_stm32f427_437xx.o


==============================================================================

Image component sizes


      Code (inc. data)   RO Data    RW Data    ZI Data      Debug   Object Name

        12          0          0          0          0        482   appinit.o
       372         48          0          0          0       3314   bsp_flash.o
       712         48          0          0          0       3550   can.o
       236         14          0          0          0       1534   cantask.o
       532         72          0         60          0       2613   controltask.o
       696         54          0          9        200       3114   datatransfer.o
       152          0          0          0          0        623   driver.o
       600         72          0          4          0       3992   dutytasks.o
         2          0          0          0          0        446   encoder.o
      3044        198          0        145        144       8432   imu.o
      1384         64          0         34         24       4881   ist8310.o
       120          8          0          0          0        572   led.o
        40          4          0          0          0     295683   main.o
       140         24          0          0          0     210739   misc.o
       180         24          0          2          0      28051   modeduty.o
      1720        106          0         18        282       3642   mpu6500.o
       272         60          0        227        700       5901   parameters.o
       440         10          0          0          0       1196   pid.o
      2172        104          0          8        430       4690   protocol.o
       208         10          0          0          0        639   pwm.o
       576         42          0          4         60       2837   rc.o
       164         28         22         26          0       2307   selfcheck.o
       392         22          0          0          0       2574   spi.o
        36          8        428          0       1024        836   startup_stm32f427_437xx.o
      1416         26          0          0          0      15909   stm32f4xx_can.o
       634         40          0          0          0      20071   stm32f4xx_dma.o
       410         42          0          0          0       9940   stm32f4xx_flash.o
       248          0          0          0          0      10439   stm32f4xx_gpio.o
        24          0          0          0          0       3712   stm32f4xx_it.o
       392         48          0         16          0      18733   stm32f4xx_rcc.o
       112          0          0          0          0      11658   stm32f4xx_spi.o
       576         48          0          0          0      27451   stm32f4xx_tim.o
       678         32          0          0          0      12919   stm32f4xx_usart.o
       340         32          0          0          0       1625   system_stm32f4xx.o
       374         46          0          0        160       4660   timer.o
       596         48          0          5        768       2892   usart2.o
        66          6          0          0          0       1034   usart3.o
        66          6          0          0          0       1034   usart6.o

    ----------------------------------------------------------------------
     20168       1394        482        568       3796     734725   Object Totals
         0          0         32          0          0          0   (incl. Generated)
        34          0          0         10          4          0   (incl. Padding)

    ----------------------------------------------------------------------

      Code (inc. data)   RO Data    RW Data    ZI Data      Debug   Library Member Name

       300         42          0          0          0        176   asinf.o
       744        106        152          0          0        352   atan.o
       496         64          0          0          0        192   atan2.o
       592         90          0          0          0        184   atan2f.o
       336         56          0          0          0        136   cosf.o
        72          8          0          0          0        372   dunder.o
        24          0          0          0          0        124   fabs.o
        48          0          0          0          0        124   fpclassify.o
        38          0          0          0          0        116   fpclassifyf.o
        44         12          0          0          0        464   funder.o
       248          0          0          0          0        152   poly.o
         0          0          8          0          0          0   qnan.o
       340         24         32          0          0        160   rredf.o
       400         56          0          0          0        212   sinf.o
       122          0          0          0          0        148   sqrt.o
        62          0          0          0          0        136   sqrtf.o
        86          0          0          0          0          0   __dczerorl2.o
         0          0          0          0          0          0   entry.o
         0          0          0          0          0          0   entry10a.o
         0          0          0          0          0          0   entry11a.o
         8          4          0          0          0          0   entry2.o
         4          0          0          0          0          0   entry5.o
         0          0          0          0          0          0   entry7b.o
         0          0          0          0          0          0   entry8b.o
         8          4          0          0          0          0   entry9a.o
        12          6          0          4          0         68   errno.o
        30          0          0          0          0          0   handlers.o
        36          8          0          0          0         68   init.o
         0          0          0          0          0          0   iusefp.o
        30          0          0          0          0         68   llshl.o
        36          0          0          0          0         68   llsshr.o
        32          0          0          0          0         68   llushr.o
        36          0          0          0          0         68   memcpya.o
        36          0          0          0          0        108   memseta.o
       884         10          0          0          0        420   printf6.o
        44          0          0          0          0         80   uidiv.o
        56          0          0          0          0         88   d2f.o
       334          0          0          0          0        148   dadd.o
       222          0          0          0          0        100   ddiv.o
       186          0          0          0          0        176   depilogue.o
        34          0          0          0          0         76   dflti.o
       228          0          0          0          0         96   dmul.o
       162          0          0          0          0        100   dsqrt.o
        38          0          0          0          0         68   f2d.o
       110          0          0          0          0        168   fepilogue.o

    ----------------------------------------------------------------------
      6534        494        192          4          0       5084   Library Totals
        16          4          0          0          0          0   (incl. Padding)

    ----------------------------------------------------------------------

      Code (inc. data)   RO Data    RW Data    ZI Data      Debug   Library Name

      3866        458        192          0          0       3048   m_wm.l
      1282         32          0          4          0       1016   mc_w.l
      1370          0          0          0          0       1020   mf_w.l

    ----------------------------------------------------------------------
      6534        494        192          4          0       5084   Library Totals

    ----------------------------------------------------------------------

==============================================================================


      Code (inc. data)   RO Data    RW Data    ZI Data      Debug   

     26702       1888        674        572       3796     722005   Grand Totals
     26702       1888        674         44       3796     722005   ELF Image Totals (compressed)
     26702       1888        674         44          0          0   ROM Totals

==============================================================================

    Total RO  Size (Code + RO Data)                27376 (  26.73kB)
    Total RW  Size (RW Data + ZI Data)              4368 (   4.27kB)
    Total ROM Size (Code + RO Data + RW Data)      27420 (  26.78kB)

==============================================================================

